2007.02.23 15:41 B S:\OpenMOPAC_NET\Manual\ref_data\acac.mop --> openmopac.net /jstewartMOPAC/Manual/ref_data acac.mop
2007.02.23 15:41 B S:\OpenMOPAC_NET\Manual\ref_data\acetone.mop --> openmopac.net /jstewartMOPAC/Manual/ref_data acetone.mop
2007.02.23 15:41 B S:\OpenMOPAC_NET\Manual\ref_data\adamant.mop --> openmopac.net /jstewartMOPAC/Manual/ref_data adamant.mop
2007.02.23 15:41 B S:\OpenMOPAC_NET\Manual\ref_data\alanine.mop --> openmopac.net /jstewartMOPAC/Manual/ref_data alanine.mop
2007.02.23 15:41 B S:\OpenMOPAC_NET\Manual\ref_data\alf.mop --> openmopac.net /jstewartMOPAC/Manual/ref_data alf.mop
2007.02.23 15:41 B S:\OpenMOPAC_NET\Manual\ref_data\allene.mop --> openmopac.net /jstewartMOPAC/Manual/ref_data allene.mop
2007.02.23 15:41 B S:\OpenMOPAC_NET\Manual\ref_data\allyl_cat.mop --> openmopac.net /jstewartMOPAC/Manual/ref_data allyl_cat.mop
2007.02.23 15:41 B S:\OpenMOPAC_NET\Manual\ref_data\aniline.mop --> openmopac.net /jstewartMOPAC/Manual/ref_data aniline.mop
2007.02.23 15:41 B S:\OpenMOPAC_NET\Manual\ref_data\anisole.mop --> openmopac.net /jstewartMOPAC/Manual/ref_data anisole.mop
2007.02.23 15:41 B S:\OpenMOPAC_NET\Manual\ref_data\anthrac.mop --> openmopac.net /jstewartMOPAC/Manual/ref_data anthrac.mop
2007.02.23 15:41 B S:\OpenMOPAC_NET\Manual\ref_data\ar2_2.0.mop --> openmopac.net /jstewartMOPAC/Manual/ref_data ar2_2.0.mop
2007.02.23 15:41 B S:\OpenMOPAC_NET\Manual\ref_data\ash3.mop --> openmopac.net /jstewartMOPAC/Manual/ref_data ash3.mop
2007.02.23 15:41 B S:\OpenMOPAC_NET\Manual\ref_data\b10h14.mop --> openmopac.net /jstewartMOPAC/Manual/ref_data b10h14.mop
2007.02.23 15:41 B S:\OpenMOPAC_NET\Manual\ref_data\b2.mop --> openmopac.net /jstewartMOPAC/Manual/ref_data b2.mop
2007.02.23 15:41 B S:\OpenMOPAC_NET\Manual\ref_data\b2h4.mop --> openmopac.net /jstewartMOPAC/Manual/ref_data b2h4.mop
2007.02.23 15:41 B S:\OpenMOPAC_NET\Manual\ref_data\b2h6.mop --> openmopac.net /jstewartMOPAC/Manual/ref_data b2h6.mop
2007.02.23 15:41 B S:\OpenMOPAC_NET\Manual\ref_data\b4h10.mop --> openmopac.net /jstewartMOPAC/Manual/ref_data b4h10.mop
2007.02.23 15:41 B S:\OpenMOPAC_NET\Manual\ref_data\b5h11.mop --> openmopac.net /jstewartMOPAC/Manual/ref_data b5h11.mop
2007.02.23 15:41 B S:\OpenMOPAC_NET\Manual\ref_data\b5h9.mop --> openmopac.net /jstewartMOPAC/Manual/ref_data b5h9.mop
2007.02.23 15:41 B S:\OpenMOPAC_NET\Manual\ref_data\b6h10.mop --> openmopac.net /jstewartMOPAC/Manual/ref_data b6h10.mop
2007.02.23 15:41 B S:\OpenMOPAC_NET\Manual\ref_data\b_2dg.mop --> openmopac.net /jstewartMOPAC/Manual/ref_data b_2dg.mop
2007.02.23 15:41 B S:\OpenMOPAC_NET\Manual\ref_data\b_2pu.mop --> openmopac.net /jstewartMOPAC/Manual/ref_data b_2pu.mop
2007.02.23 15:41 B S:\OpenMOPAC_NET\Manual\ref_data\b_4pg.mop --> openmopac.net /jstewartMOPAC/Manual/ref_data b_4pg.mop
2007.02.23 15:41 B S:\OpenMOPAC_NET\Manual\ref_data\b_atom.mop --> openmopac.net /jstewartMOPAC/Manual/ref_data b_atom.mop
2007.02.23 15:41 B S:\OpenMOPAC_NET\Manual\ref_data\b_cat.mop --> openmopac.net /jstewartMOPAC/Manual/ref_data b_cat.mop
2007.02.23 15:41 B S:\OpenMOPAC_NET\Manual\ref_data\be2.mop --> openmopac.net /jstewartMOPAC/Manual/ref_data be2.mop
2007.02.23 15:41 B S:\OpenMOPAC_NET\Manual\ref_data\be_atom.mop --> openmopac.net /jstewartMOPAC/Manual/ref_data be_atom.mop
2007.02.23 15:42 B S:\OpenMOPAC_NET\Manual\ref_data\beet2.mop --> openmopac.net /jstewartMOPAC/Manual/ref_data beet2.mop
2007.02.23 15:42 B S:\OpenMOPAC_NET\Manual\ref_data\beh.mop --> openmopac.net /jstewartMOPAC/Manual/ref_data beh.mop
2007.02.23 15:42 B S:\OpenMOPAC_NET\Manual\ref_data\beh2.mop --> openmopac.net /jstewartMOPAC/Manual/ref_data beh2.mop
2007.02.23 15:42 B S:\OpenMOPAC_NET\Manual\ref_data\beh_cat.mop --> openmopac.net /jstewartMOPAC/Manual/ref_data beh_cat.mop
2007.02.23 15:42 B S:\OpenMOPAC_NET\Manual\ref_data\beme2.mop --> openmopac.net /jstewartMOPAC/Manual/ref_data beme2.mop
2007.02.23 15:42 B S:\OpenMOPAC_NET\Manual\ref_data\benzene.mop --> openmopac.net /jstewartMOPAC/Manual/ref_data benzene.mop
2007.02.23 15:42 B S:\OpenMOPAC_NET\Manual\ref_data\beo.mop --> openmopac.net /jstewartMOPAC/Manual/ref_data beo.mop
2007.02.23 15:42 B S:\OpenMOPAC_NET\Manual\ref_data\bf.mop --> openmopac.net /jstewartMOPAC/Manual/ref_data bf.mop
2007.02.23 15:42 B S:\OpenMOPAC_NET\Manual\ref_data\bf3.mop --> openmopac.net /jstewartMOPAC/Manual/ref_data bf3.mop
2007.02.23 15:42 B S:\OpenMOPAC_NET\Manual\ref_data\bh.mop --> openmopac.net /jstewartMOPAC/Manual/ref_data bh.mop
2007.02.23 15:42 B S:\OpenMOPAC_NET\Manual\ref_data\bh2.mop --> openmopac.net /jstewartMOPAC/Manual/ref_data bh2.mop
2007.02.23 15:42 B S:\OpenMOPAC_NET\Manual\ref_data\bh3.mop --> openmopac.net /jstewartMOPAC/Manual/ref_data bh3.mop
2007.02.23 15:42 B S:\OpenMOPAC_NET\Manual\ref_data\bh3co.mop --> openmopac.net /jstewartMOPAC/Manual/ref_data bh3co.mop
2007.02.23 15:42 B S:\OpenMOPAC_NET\Manual\ref_data\bicyc8h14.mop --> openmopac.net /jstewartMOPAC/Manual/ref_data bicyc8h14.mop
2007.02.23 15:42 B S:\OpenMOPAC_NET\Manual\ref_data\bicycbut.mop --> openmopac.net /jstewartMOPAC/Manual/ref_data bicycbut.mop
2007.02.23 15:42 B S:\OpenMOPAC_NET\Manual\ref_data\bmef2.mop --> openmopac.net /jstewartMOPAC/Manual/ref_data bmef2.mop
2007.02.23 15:42 B S:\OpenMOPAC_NET\Manual\ref_data\bomef2.mop --> openmopac.net /jstewartMOPAC/Manual/ref_data bomef2.mop
2007.02.23 15:42 B S:\OpenMOPAC_NET\Manual\ref_data\but12dien.mop --> openmopac.net /jstewartMOPAC/Manual/ref_data but12dien.mop
2007.02.23 15:42 B S:\OpenMOPAC_NET\Manual\ref_data\but1ene.mop --> openmopac.net /jstewartMOPAC/Manual/ref_data but1ene.mop
2007.02.23 15:42 B S:\OpenMOPAC_NET\Manual\ref_data\but1yne.mop --> openmopac.net /jstewartMOPAC/Manual/ref_data but1yne.mop
2007.02.23 15:42 B S:\OpenMOPAC_NET\Manual\ref_data\but2yne.mop --> openmopac.net /jstewartMOPAC/Manual/ref_data but2yne.mop
2007.02.23 15:42 B S:\OpenMOPAC_NET\Manual\ref_data\butanal.mop --> openmopac.net /jstewartMOPAC/Manual/ref_data butanal.mop
2007.02.23 15:42 B S:\OpenMOPAC_NET\Manual\ref_data\butane.mop --> openmopac.net /jstewartMOPAC/Manual/ref_data butane.mop
2007.02.23 15:42 B S:\OpenMOPAC_NET\Manual\ref_data\butanee.mop --> openmopac.net /jstewartMOPAC/Manual/ref_data butanee.mop
2007.02.23 15:42 B S:\OpenMOPAC_NET\Manual\ref_data\butaneg.mop --> openmopac.net /jstewartMOPAC/Manual/ref_data butaneg.mop
2007.02.23 15:42 B S:\OpenMOPAC_NET\Manual\ref_data\c10h8.mop --> openmopac.net /jstewartMOPAC/Manual/ref_data c10h8.mop
2007.02.23 15:42 B S:\OpenMOPAC_NET\Manual\ref_data\c2b4h6.mop --> openmopac.net /jstewartMOPAC/Manual/ref_data c2b4h6.mop
2007.02.23 15:42 B S:\OpenMOPAC_NET\Manual\ref_data\c2h2.mop --> openmopac.net /jstewartMOPAC/Manual/ref_data c2h2.mop
2007.02.23 15:42 B S:\OpenMOPAC_NET\Manual\ref_data\c2h3_cat.mop --> openmopac.net /jstewartMOPAC/Manual/ref_data c2h3_cat.mop
2007.02.23 15:42 B S:\OpenMOPAC_NET\Manual\ref_data\c2h3rad.mop --> openmopac.net /jstewartMOPAC/Manual/ref_data c2h3rad.mop
2007.02.23 15:42 B S:\OpenMOPAC_NET\Manual\ref_data\c2h4.mop --> openmopac.net /jstewartMOPAC/Manual/ref_data c2h4.mop
2007.02.23 15:42 B S:\OpenMOPAC_NET\Manual\ref_data\c2h4_cat.mop --> openmopac.net /jstewartMOPAC/Manual/ref_data c2h4_cat.mop
2007.02.23 15:42 B S:\OpenMOPAC_NET\Manual\ref_data\c2h4nh.mop --> openmopac.net /jstewartMOPAC/Manual/ref_data c2h4nh.mop
2007.02.23 15:42 B S:\OpenMOPAC_NET\Manual\ref_data\c2h4rot.mop --> openmopac.net /jstewartMOPAC/Manual/ref_data c2h4rot.mop
2007.02.23 15:42 B S:\OpenMOPAC_NET\Manual\ref_data\c2h5_cat.mop --> openmopac.net /jstewartMOPAC/Manual/ref_data c2h5_cat.mop
2007.02.23 15:42 B S:\OpenMOPAC_NET\Manual\ref_data\c2h5c6h5.mop --> openmopac.net /jstewartMOPAC/Manual/ref_data c2h5c6h5.mop
2007.02.23 15:42 B S:\OpenMOPAC_NET\Manual\ref_data\c2h5cho.mop --> openmopac.net /jstewartMOPAC/Manual/ref_data c2h5cho.mop
2007.02.23 15:42 B S:\OpenMOPAC_NET\Manual\ref_data\c2h5cn.mop --> openmopac.net /jstewartMOPAC/Manual/ref_data c2h5cn.mop
2007.02.23 15:42 B S:\OpenMOPAC_NET\Manual\ref_data\c2h5cooh.mop --> openmopac.net /jstewartMOPAC/Manual/ref_data c2h5cooh.mop
2007.02.23 15:42 B S:\OpenMOPAC_NET\Manual\ref_data\c2h5nh2.mop --> openmopac.net /jstewartMOPAC/Manual/ref_data c2h5nh2.mop
2007.02.23 15:42 B S:\OpenMOPAC_NET\Manual\ref_data\c2h5oc2h5.mop --> openmopac.net /jstewartMOPAC/Manual/ref_data c2h5oc2h5.mop
2007.02.23 15:42 B S:\OpenMOPAC_NET\Manual\ref_data\c2h5oh.mop --> openmopac.net /jstewartMOPAC/Manual/ref_data c2h5oh.mop
2007.02.23 15:42 B S:\OpenMOPAC_NET\Manual\ref_data\c2h5rad.mop --> openmopac.net /jstewartMOPAC/Manual/ref_data c2h5rad.mop
2007.02.23 15:42 B S:\OpenMOPAC_NET\Manual\ref_data\c2h6.mop --> openmopac.net /jstewartMOPAC/Manual/ref_data c2h6.mop
2007.02.23 15:42 B S:\OpenMOPAC_NET\Manual\ref_data\c2h6rot.mop --> openmopac.net /jstewartMOPAC/Manual/ref_data c2h6rot.mop
2007.02.23 15:42 B S:\OpenMOPAC_NET\Manual\ref_data\c2hf.mop --> openmopac.net /jstewartMOPAC/Manual/ref_data c2hf.mop
2007.02.23 15:42 B S:\OpenMOPAC_NET\Manual\ref_data\c2n2.mop --> openmopac.net /jstewartMOPAC/Manual/ref_data c2n2.mop
2007.02.23 15:42 B S:\OpenMOPAC_NET\Manual\ref_data\c3.mop --> openmopac.net /jstewartMOPAC/Manual/ref_data c3.mop
2007.02.23 15:42 B S:\OpenMOPAC_NET\Manual\ref_data\c3h3_cat.mop --> openmopac.net /jstewartMOPAC/Manual/ref_data c3h3_cat.mop
2007.02.23 15:42 B S:\OpenMOPAC_NET\Manual\ref_data\c3h5_cat.mop --> openmopac.net /jstewartMOPAC/Manual/ref_data c3h5_cat.mop
2007.02.23 15:42 B S:\OpenMOPAC_NET\Manual\ref_data\c3h5rad.mop --> openmopac.net /jstewartMOPAC/Manual/ref_data c3h5rad.mop
2007.02.23 15:42 B S:\OpenMOPAC_NET\Manual\ref_data\c3h7rad.mop --> openmopac.net /jstewartMOPAC/Manual/ref_data c3h7rad.mop
2007.02.23 15:42 B S:\OpenMOPAC_NET\Manual\ref_data\c3o2.mop --> openmopac.net /jstewartMOPAC/Manual/ref_data c3o2.mop
2007.02.23 15:42 B S:\OpenMOPAC_NET\Manual\ref_data\c4.mop --> openmopac.net /jstewartMOPAC/Manual/ref_data c4.mop
2007.02.23 15:42 B S:\OpenMOPAC_NET\Manual\ref_data\c4b2h6.mop --> openmopac.net /jstewartMOPAC/Manual/ref_data c4b2h6.mop
2007.02.23 15:42 B S:\OpenMOPAC_NET\Manual\ref_data\c4h2.mop --> openmopac.net /jstewartMOPAC/Manual/ref_data c4h2.mop
2007.02.23 15:42 B S:\OpenMOPAC_NET\Manual\ref_data\c4h4.mop --> openmopac.net /jstewartMOPAC/Manual/ref_data c4h4.mop
2007.02.23 15:42 B S:\OpenMOPAC_NET\Manual\ref_data\c4h4nh.mop --> openmopac.net /jstewartMOPAC/Manual/ref_data c4h4nh.mop
2007.02.23 15:42 B S:\OpenMOPAC_NET\Manual\ref_data\c4h6_for_fe.mop --> openmopac.net /jstewartMOPAC/Manual/ref_data c4h6_for_fe.mop
2007.02.23 15:42 B S:\OpenMOPAC_NET\Manual\ref_data\c4h7_cat.mop --> openmopac.net /jstewartMOPAC/Manual/ref_data c4h7_cat.mop
2007.02.23 15:42 B S:\OpenMOPAC_NET\Manual\ref_data\c4h9rad.mop --> openmopac.net /jstewartMOPAC/Manual/ref_data c4h9rad.mop
2007.02.23 15:42 B S:\OpenMOPAC_NET\Manual\ref_data\c5h5_ani.mop --> openmopac.net /jstewartMOPAC/Manual/ref_data c5h5_ani.mop
2007.02.23 15:42 B S:\OpenMOPAC_NET\Manual\ref_data\c5h5beh.mop --> openmopac.net /jstewartMOPAC/Manual/ref_data c5h5beh.mop
2007.02.23 15:42 B S:\OpenMOPAC_NET\Manual\ref_data\c5h5n.mop --> openmopac.net /jstewartMOPAC/Manual/ref_data c5h5n.mop
2007.02.23 15:42 B S:\OpenMOPAC_NET\Manual\ref_data\c60.MOP --> openmopac.net /jstewartMOPAC/Manual/ref_data c60.MOP
2007.02.23 15:42 B S:\OpenMOPAC_NET\Manual\ref_data\c6h5cho.mop --> openmopac.net /jstewartMOPAC/Manual/ref_data c6h5cho.mop
2007.02.23 15:42 B S:\OpenMOPAC_NET\Manual\ref_data\c6h5cn.mop --> openmopac.net /jstewartMOPAC/Manual/ref_data c6h5cn.mop
2007.02.23 15:42 B S:\OpenMOPAC_NET\Manual\ref_data\c6h5cooh.mop --> openmopac.net /jstewartMOPAC/Manual/ref_data c6h5cooh.mop
2007.02.23 15:42 B S:\OpenMOPAC_NET\Manual\ref_data\c6h5f.mop --> openmopac.net /jstewartMOPAC/Manual/ref_data c6h5f.mop
2007.02.23 15:42 B S:\OpenMOPAC_NET\Manual\ref_data\c6h5no2.mop --> openmopac.net /jstewartMOPAC/Manual/ref_data c6h5no2.mop
2007.02.23 15:42 B S:\OpenMOPAC_NET\Manual\ref_data\c_1dg.mop --> openmopac.net /jstewartMOPAC/Manual/ref_data c_1dg.mop
2007.02.23 15:42 B S:\OpenMOPAC_NET\Manual\ref_data\c_1sg.mop --> openmopac.net /jstewartMOPAC/Manual/ref_data c_1sg.mop
2007.02.23 15:42 B S:\OpenMOPAC_NET\Manual\ref_data\c_3du.mop --> openmopac.net /jstewartMOPAC/Manual/ref_data c_3du.mop
2007.02.23 15:42 B S:\OpenMOPAC_NET\Manual\ref_data\c_3pu.mop --> openmopac.net /jstewartMOPAC/Manual/ref_data c_3pu.mop
2007.02.23 15:42 B S:\OpenMOPAC_NET\Manual\ref_data\c_5su.mop --> openmopac.net /jstewartMOPAC/Manual/ref_data c_5su.mop
2007.02.23 15:42 B S:\OpenMOPAC_NET\Manual\ref_data\c_atom.mop --> openmopac.net /jstewartMOPAC/Manual/ref_data c_atom.mop
2007.02.23 15:42 B S:\OpenMOPAC_NET\Manual\ref_data\c_cat.mop --> openmopac.net /jstewartMOPAC/Manual/ref_data c_cat.mop
2007.02.23 15:42 B S:\OpenMOPAC_NET\Manual\ref_data\cao.mop --> openmopac.net /jstewartMOPAC/Manual/ref_data cao.mop
2007.02.23 15:42 B S:\OpenMOPAC_NET\Manual\ref_data\cbut2ene.mop --> openmopac.net /jstewartMOPAC/Manual/ref_data cbut2ene.mop
2007.02.23 15:42 B S:\OpenMOPAC_NET\Manual\ref_data\cf3cn.mop --> openmopac.net /jstewartMOPAC/Manual/ref_data cf3cn.mop
2007.02.23 15:42 B S:\OpenMOPAC_NET\Manual\ref_data\cf3cooh.mop --> openmopac.net /jstewartMOPAC/Manual/ref_data cf3cooh.mop
2007.02.23 15:42 B S:\OpenMOPAC_NET\Manual\ref_data\cf4.mop --> openmopac.net /jstewartMOPAC/Manual/ref_data cf4.mop
2007.02.23 15:42 B S:\OpenMOPAC_NET\Manual\ref_data\ch.mop --> openmopac.net /jstewartMOPAC/Manual/ref_data ch.mop
2007.02.23 15:42 B S:\OpenMOPAC_NET\Manual\ref_data\ch2.mop --> openmopac.net /jstewartMOPAC/Manual/ref_data ch2.mop
2007.02.23 15:42 B S:\OpenMOPAC_NET\Manual\ref_data\ch2_u.mop --> openmopac.net /jstewartMOPAC/Manual/ref_data ch2_u.mop
2007.02.23 15:42 B S:\OpenMOPAC_NET\Manual\ref_data\ch2chcho.mop --> openmopac.net /jstewartMOPAC/Manual/ref_data ch2chcho.mop
2007.02.23 15:42 B S:\OpenMOPAC_NET\Manual\ref_data\ch2chcn.mop --> openmopac.net /jstewartMOPAC/Manual/ref_data ch2chcn.mop
2007.02.23 15:42 B S:\OpenMOPAC_NET\Manual\ref_data\ch2chf.mop --> openmopac.net /jstewartMOPAC/Manual/ref_data ch2chf.mop
2007.02.23 15:42 B S:\OpenMOPAC_NET\Manual\ref_data\ch2co.mop --> openmopac.net /jstewartMOPAC/Manual/ref_data ch2co.mop
2007.02.23 15:42 B S:\OpenMOPAC_NET\Manual\ref_data\ch2cyc4h7.mop --> openmopac.net /jstewartMOPAC/Manual/ref_data ch2cyc4h7.mop
2007.02.23 15:42 B S:\OpenMOPAC_NET\Manual\ref_data\ch2f2.mop --> openmopac.net /jstewartMOPAC/Manual/ref_data ch2f2.mop
2007.02.23 15:42 B S:\OpenMOPAC_NET\Manual\ref_data\ch2n2.mop --> openmopac.net /jstewartMOPAC/Manual/ref_data ch2n2.mop
2007.02.23 15:42 B S:\OpenMOPAC_NET\Manual\ref_data\ch2o.mop --> openmopac.net /jstewartMOPAC/Manual/ref_data ch2o.mop
2007.02.23 15:42 B S:\OpenMOPAC_NET\Manual\ref_data\ch2o4ip.mop --> openmopac.net /jstewartMOPAC/Manual/ref_data ch2o4ip.mop
2007.02.23 15:42 B S:\OpenMOPAC_NET\Manual\ref_data\ch2pf.mop --> openmopac.net /jstewartMOPAC/Manual/ref_data ch2pf.mop
2007.02.23 15:42 B S:\OpenMOPAC_NET\Manual\ref_data\ch2sing.mop --> openmopac.net /jstewartMOPAC/Manual/ref_data ch2sing.mop
2007.02.23 15:42 B S:\OpenMOPAC_NET\Manual\ref_data\ch3_cat.mop --> openmopac.net /jstewartMOPAC/Manual/ref_data ch3_cat.mop
2007.02.23 15:42 B S:\OpenMOPAC_NET\Manual\ref_data\ch3cf3.mop --> openmopac.net /jstewartMOPAC/Manual/ref_data ch3cf3.mop
2007.02.23 15:42 B S:\OpenMOPAC_NET\Manual\ref_data\ch3ch2f.mop --> openmopac.net /jstewartMOPAC/Manual/ref_data ch3ch2f.mop
2007.02.23 15:42 B S:\OpenMOPAC_NET\Manual\ref_data\ch3chf2.mop --> openmopac.net /jstewartMOPAC/Manual/ref_data ch3chf2.mop
2007.02.23 15:42 B S:\OpenMOPAC_NET\Manual\ref_data\ch3chfch3.mop --> openmopac.net /jstewartMOPAC/Manual/ref_data ch3chfch3.mop
2007.02.23 15:42 B S:\OpenMOPAC_NET\Manual\ref_data\ch3cho.mop --> openmopac.net /jstewartMOPAC/Manual/ref_data ch3cho.mop
2007.02.23 15:42 B S:\OpenMOPAC_NET\Manual\ref_data\ch3cn.mop --> openmopac.net /jstewartMOPAC/Manual/ref_data ch3cn.mop
2007.02.23 15:42 B S:\OpenMOPAC_NET\Manual\ref_data\ch3conh2.mop --> openmopac.net /jstewartMOPAC/Manual/ref_data ch3conh2.mop
2007.02.23 15:43 B S:\OpenMOPAC_NET\Manual\ref_data\ch3cooch3.mop --> openmopac.net /jstewartMOPAC/Manual/ref_data ch3cooch3.mop
2007.02.23 15:43 B S:\OpenMOPAC_NET\Manual\ref_data\ch3cooh.mop --> openmopac.net /jstewartMOPAC/Manual/ref_data ch3cooh.mop
2007.02.23 15:43 B S:\OpenMOPAC_NET\Manual\ref_data\ch3f.mop --> openmopac.net /jstewartMOPAC/Manual/ref_data ch3f.mop
2007.02.23 15:43 B S:\OpenMOPAC_NET\Manual\ref_data\ch3n3.mop --> openmopac.net /jstewartMOPAC/Manual/ref_data ch3n3.mop
2007.02.23 15:43 B S:\OpenMOPAC_NET\Manual\ref_data\ch3nc.mop --> openmopac.net /jstewartMOPAC/Manual/ref_data ch3nc.mop
2007.02.23 15:43 B S:\OpenMOPAC_NET\Manual\ref_data\ch3nh2.mop --> openmopac.net /jstewartMOPAC/Manual/ref_data ch3nh2.mop
2007.02.23 15:43 B S:\OpenMOPAC_NET\Manual\ref_data\ch3nhnh2.mop --> openmopac.net /jstewartMOPAC/Manual/ref_data ch3nhnh2.mop
2007.02.23 15:43 B S:\OpenMOPAC_NET\Manual\ref_data\ch3no2.mop --> openmopac.net /jstewartMOPAC/Manual/ref_data ch3no2.mop
2007.02.23 15:43 B S:\OpenMOPAC_NET\Manual\ref_data\ch3och3.mop --> openmopac.net /jstewartMOPAC/Manual/ref_data ch3och3.mop
2007.02.23 15:43 B S:\OpenMOPAC_NET\Manual\ref_data\ch3oh.mop --> openmopac.net /jstewartMOPAC/Manual/ref_data ch3oh.mop
2007.02.23 15:43 B S:\OpenMOPAC_NET\Manual\ref_data\ch3ono.mop --> openmopac.net /jstewartMOPAC/Manual/ref_data ch3ono.mop
2007.02.23 15:43 B S:\OpenMOPAC_NET\Manual\ref_data\ch3ooch3.mop --> openmopac.net /jstewartMOPAC/Manual/ref_data ch3ooch3.mop
2007.02.23 15:43 B S:\OpenMOPAC_NET\Manual\ref_data\ch3ph2.mop --> openmopac.net /jstewartMOPAC/Manual/ref_data ch3ph2.mop
2007.02.23 15:43 B S:\OpenMOPAC_NET\Manual\ref_data\ch3rad.mop --> openmopac.net /jstewartMOPAC/Manual/ref_data ch3rad.mop
2007.02.23 15:43 B S:\OpenMOPAC_NET\Manual\ref_data\ch4.mop --> openmopac.net /jstewartMOPAC/Manual/ref_data ch4.mop
2007.02.23 15:43 B S:\OpenMOPAC_NET\Manual\ref_data\chccho.mop --> openmopac.net /jstewartMOPAC/Manual/ref_data chccho.mop
2007.02.23 15:43 B S:\OpenMOPAC_NET\Manual\ref_data\chccn.mop --> openmopac.net /jstewartMOPAC/Manual/ref_data chccn.mop
2007.02.23 15:43 B S:\OpenMOPAC_NET\Manual\ref_data\chexen.mop --> openmopac.net /jstewartMOPAC/Manual/ref_data chexen.mop
2007.02.23 15:43 B S:\OpenMOPAC_NET\Manual\ref_data\chf3.mop --> openmopac.net /jstewartMOPAC/Manual/ref_data chf3.mop
2007.02.23 15:43 B S:\OpenMOPAC_NET\Manual\ref_data\chfcf2.mop --> openmopac.net /jstewartMOPAC/Manual/ref_data chfcf2.mop
2007.02.23 15:43 B S:\OpenMOPAC_NET\Manual\ref_data\chocho.mop --> openmopac.net /jstewartMOPAC/Manual/ref_data chocho.mop
2007.02.23 15:43 B S:\OpenMOPAC_NET\Manual\ref_data\Chromium diacetate_dimer.mop --> openmopac.net /jstewartMOPAC/Manual/ref_data Chromium diacetate_dimer.mop
2007.02.23 15:43 B S:\OpenMOPAC_NET\Manual\ref_data\co(co)4.mop --> openmopac.net /jstewartMOPAC/Manual/ref_data co(co)4.mop
2007.02.23 15:43 B S:\OpenMOPAC_NET\Manual\ref_data\co.mop --> openmopac.net /jstewartMOPAC/Manual/ref_data co.mop
2007.02.23 15:43 B S:\OpenMOPAC_NET\Manual\ref_data\co2.mop --> openmopac.net /jstewartMOPAC/Manual/ref_data co2.mop
2007.02.23 15:43 B S:\OpenMOPAC_NET\Manual\ref_data\cof2.mop --> openmopac.net /jstewartMOPAC/Manual/ref_data cof2.mop
2007.02.23 15:43 B S:\OpenMOPAC_NET\Manual\ref_data\coohcooh.mop --> openmopac.net /jstewartMOPAC/Manual/ref_data coohcooh.mop
2007.02.23 15:43 B S:\OpenMOPAC_NET\Manual\ref_data\cpen13den.mop --> openmopac.net /jstewartMOPAC/Manual/ref_data cpen13den.mop
2007.02.23 15:43 B S:\OpenMOPAC_NET\Manual\ref_data\cpent2ene.mop --> openmopac.net /jstewartMOPAC/Manual/ref_data cpent2ene.mop
2007.02.23 15:43 B S:\OpenMOPAC_NET\Manual\ref_data\cro3.mop --> openmopac.net /jstewartMOPAC/Manual/ref_data cro3.mop
2007.02.23 15:43 B S:\OpenMOPAC_NET\Manual\ref_data\cs.mop --> openmopac.net /jstewartMOPAC/Manual/ref_data cs.mop
2007.02.23 15:43 B S:\OpenMOPAC_NET\Manual\ref_data\cubane.mop --> openmopac.net /jstewartMOPAC/Manual/ref_data cubane.mop
2007.02.23 15:43 B S:\OpenMOPAC_NET\Manual\ref_data\cuf2.mop --> openmopac.net /jstewartMOPAC/Manual/ref_data cuf2.mop
2007.02.23 15:43 B S:\OpenMOPAC_NET\Manual\ref_data\cyc3h3_cat.mop --> openmopac.net /jstewartMOPAC/Manual/ref_data cyc3h3_cat.mop
2007.02.23 15:43 B S:\OpenMOPAC_NET\Manual\ref_data\cyc3h4.mop --> openmopac.net /jstewartMOPAC/Manual/ref_data cyc3h4.mop
2007.02.23 15:43 B S:\OpenMOPAC_NET\Manual\ref_data\cyc3h5_cat.mop --> openmopac.net /jstewartMOPAC/Manual/ref_data cyc3h5_cat.mop
2007.02.23 15:43 B S:\OpenMOPAC_NET\Manual\ref_data\cyc3h6.mop --> openmopac.net /jstewartMOPAC/Manual/ref_data cyc3h6.mop
2007.02.23 15:43 B S:\OpenMOPAC_NET\Manual\ref_data\cyc3me2.mop --> openmopac.net /jstewartMOPAC/Manual/ref_data cyc3me2.mop
2007.02.23 15:43 B S:\OpenMOPAC_NET\Manual\ref_data\cyc4h2o3.mop --> openmopac.net /jstewartMOPAC/Manual/ref_data cyc4h2o3.mop
2007.02.23 15:43 B S:\OpenMOPAC_NET\Manual\ref_data\cyc4h4o.mop --> openmopac.net /jstewartMOPAC/Manual/ref_data cyc4h4o.mop
2007.02.23 15:43 B S:\OpenMOPAC_NET\Manual\ref_data\cyc4h6.mop --> openmopac.net /jstewartMOPAC/Manual/ref_data cyc4h6.mop
2007.02.23 15:43 B S:\OpenMOPAC_NET\Manual\ref_data\cyc4h7_cat.mop --> openmopac.net /jstewartMOPAC/Manual/ref_data cyc4h7_cat.mop
2007.02.23 15:43 B S:\OpenMOPAC_NET\Manual\ref_data\cyc4h8.mop --> openmopac.net /jstewartMOPAC/Manual/ref_data cyc4h8.mop
2007.02.23 15:43 B S:\OpenMOPAC_NET\Manual\ref_data\cyc5h10.mop --> openmopac.net /jstewartMOPAC/Manual/ref_data cyc5h10.mop
2007.02.23 15:43 B S:\OpenMOPAC_NET\Manual\ref_data\cyc5h6.mop --> openmopac.net /jstewartMOPAC/Manual/ref_data cyc5h6.mop
2007.02.23 15:43 B S:\OpenMOPAC_NET\Manual\ref_data\cyc5h8.mop --> openmopac.net /jstewartMOPAC/Manual/ref_data cyc5h8.mop
2007.02.23 15:43 B S:\OpenMOPAC_NET\Manual\ref_data\cyc5h9_cat.mop --> openmopac.net /jstewartMOPAC/Manual/ref_data cyc5h9_cat.mop
2007.02.23 15:43 B S:\OpenMOPAC_NET\Manual\ref_data\cyc6h12.mop --> openmopac.net /jstewartMOPAC/Manual/ref_data cyc6h12.mop
2007.02.23 15:43 B S:\OpenMOPAC_NET\Manual\ref_data\cyc7h7_cat.mop --> openmopac.net /jstewartMOPAC/Manual/ref_data cyc7h7_cat.mop
2007.02.23 15:43 B S:\OpenMOPAC_NET\Manual\ref_data\cyc7h8.mop --> openmopac.net /jstewartMOPAC/Manual/ref_data cyc7h8.mop
2007.02.23 15:43 B S:\OpenMOPAC_NET\Manual\ref_data\epoxide.mop --> openmopac.net /jstewartMOPAC/Manual/ref_data epoxide.mop
2007.02.23 15:43 B S:\OpenMOPAC_NET\Manual\ref_data\f2o.mop --> openmopac.net /jstewartMOPAC/Manual/ref_data f2o.mop
2007.02.23 15:43 B S:\OpenMOPAC_NET\Manual\ref_data\fcn.mop --> openmopac.net /jstewartMOPAC/Manual/ref_data fcn.mop
2007.02.23 15:43 B S:\OpenMOPAC_NET\Manual\ref_data\fe(c5h5)2.mop --> openmopac.net /jstewartMOPAC/Manual/ref_data fe(c5h5)2.mop
2007.02.23 15:43 B S:\OpenMOPAC_NET\Manual\ref_data\fe(co)5.mop --> openmopac.net /jstewartMOPAC/Manual/ref_data fe(co)5.mop
2007.02.23 15:43 B S:\OpenMOPAC_NET\Manual\ref_data\fe(iii)(h2o)6.mop --> openmopac.net /jstewartMOPAC/Manual/ref_data fe(iii)(h2o)6.mop
2007.02.23 15:43 B S:\OpenMOPAC_NET\Manual\ref_data\Fe2(tetra-t-butyl cyclobutadiene)2(CO)3.mop --> openmopac.net /jstewartMOPAC/Manual/ref_data Fe2(tetra-t-butyl cyclobutadiene)2(CO)3.mop
2007.02.23 15:43 B S:\OpenMOPAC_NET\Manual\ref_data\fnnfcis.mop --> openmopac.net /jstewartMOPAC/Manual/ref_data fnnfcis.mop
2007.02.23 15:43 B S:\OpenMOPAC_NET\Manual\ref_data\fno.mop --> openmopac.net /jstewartMOPAC/Manual/ref_data fno.mop
2007.02.23 15:43 B S:\OpenMOPAC_NET\Manual\ref_data\fno2.mop --> openmopac.net /jstewartMOPAC/Manual/ref_data fno2.mop
2007.02.23 15:43 B S:\OpenMOPAC_NET\Manual\ref_data\fulvene.mop --> openmopac.net /jstewartMOPAC/Manual/ref_data fulvene.mop
2007.02.23 15:43 B S:\OpenMOPAC_NET\Manual\ref_data\gaf.mop --> openmopac.net /jstewartMOPAC/Manual/ref_data gaf.mop
2007.02.23 15:43 B S:\OpenMOPAC_NET\Manual\ref_data\gef4.mop --> openmopac.net /jstewartMOPAC/Manual/ref_data gef4.mop
2007.02.23 15:43 B S:\OpenMOPAC_NET\Manual\ref_data\h2.mop --> openmopac.net /jstewartMOPAC/Manual/ref_data h2.mop
2007.02.23 15:43 B S:\OpenMOPAC_NET\Manual\ref_data\h2cs.mop --> openmopac.net /jstewartMOPAC/Manual/ref_data h2cs.mop
2007.02.23 15:43 B S:\OpenMOPAC_NET\Manual\ref_data\h2o.mop --> openmopac.net /jstewartMOPAC/Manual/ref_data h2o.mop
2007.02.23 15:43 B S:\OpenMOPAC_NET\Manual\ref_data\h2o2ip.mop --> openmopac.net /jstewartMOPAC/Manual/ref_data h2o2ip.mop
2007.02.23 15:43 B S:\OpenMOPAC_NET\Manual\ref_data\h2o3ip.mop --> openmopac.net /jstewartMOPAC/Manual/ref_data h2o3ip.mop
2007.02.23 15:43 B S:\OpenMOPAC_NET\Manual\ref_data\h2o4ip.mop --> openmopac.net /jstewartMOPAC/Manual/ref_data h2o4ip.mop
2007.02.23 15:43 B S:\OpenMOPAC_NET\Manual\ref_data\h2s.mop --> openmopac.net /jstewartMOPAC/Manual/ref_data h2s.mop
2007.02.23 15:43 B S:\OpenMOPAC_NET\Manual\ref_data\h_atom.mop --> openmopac.net /jstewartMOPAC/Manual/ref_data h_atom.mop
2007.02.23 15:43 B S:\OpenMOPAC_NET\Manual\ref_data\h_cat.mop --> openmopac.net /jstewartMOPAC/Manual/ref_data h_cat.mop
2007.02.23 15:43 B S:\OpenMOPAC_NET\Manual\ref_data\hbr.mop --> openmopac.net /jstewartMOPAC/Manual/ref_data hbr.mop
2007.02.23 15:43 B S:\OpenMOPAC_NET\Manual\ref_data\hcch3.mop --> openmopac.net /jstewartMOPAC/Manual/ref_data hcch3.mop
2007.02.23 15:43 B S:\OpenMOPAC_NET\Manual\ref_data\hcl.mop --> openmopac.net /jstewartMOPAC/Manual/ref_data hcl.mop
2007.02.23 15:43 B S:\OpenMOPAC_NET\Manual\ref_data\hcn.mop --> openmopac.net /jstewartMOPAC/Manual/ref_data hcn.mop
2007.02.23 15:43 B S:\OpenMOPAC_NET\Manual\ref_data\hcof.mop --> openmopac.net /jstewartMOPAC/Manual/ref_data hcof.mop
2007.02.23 15:43 B S:\OpenMOPAC_NET\Manual\ref_data\hconh2.mop --> openmopac.net /jstewartMOPAC/Manual/ref_data hconh2.mop
2007.02.23 15:43 B S:\OpenMOPAC_NET\Manual\ref_data\hconhme.mop --> openmopac.net /jstewartMOPAC/Manual/ref_data hconhme.mop
2007.02.23 15:43 B S:\OpenMOPAC_NET\Manual\ref_data\hconme2.mop --> openmopac.net /jstewartMOPAC/Manual/ref_data hconme2.mop
2007.02.23 15:43 B S:\OpenMOPAC_NET\Manual\ref_data\hcooch3.mop --> openmopac.net /jstewartMOPAC/Manual/ref_data hcooch3.mop
2007.02.23 15:43 B S:\OpenMOPAC_NET\Manual\ref_data\hcooh.mop --> openmopac.net /jstewartMOPAC/Manual/ref_data hcooh.mop
2007.02.23 15:43 B S:\OpenMOPAC_NET\Manual\ref_data\he2_1.6.mop --> openmopac.net /jstewartMOPAC/Manual/ref_data he2_1.6.mop
2007.02.23 15:43 B S:\OpenMOPAC_NET\Manual\ref_data\hf.mop --> openmopac.net /jstewartMOPAC/Manual/ref_data hf.mop
2007.02.23 15:43 B S:\OpenMOPAC_NET\Manual\ref_data\hnco.mop --> openmopac.net /jstewartMOPAC/Manual/ref_data hnco.mop
2007.02.23 15:43 B S:\OpenMOPAC_NET\Manual\ref_data\hno2.mop --> openmopac.net /jstewartMOPAC/Manual/ref_data hno2.mop
2007.02.23 15:43 B S:\OpenMOPAC_NET\Manual\ref_data\hno2cis.mop --> openmopac.net /jstewartMOPAC/Manual/ref_data hno2cis.mop
2007.02.23 15:43 B S:\OpenMOPAC_NET\Manual\ref_data\hno3.mop --> openmopac.net /jstewartMOPAC/Manual/ref_data hno3.mop
2007.02.23 15:43 B S:\OpenMOPAC_NET\Manual\ref_data\hof.mop --> openmopac.net /jstewartMOPAC/Manual/ref_data hof.mop
2007.02.23 15:43 B S:\OpenMOPAC_NET\Manual\ref_data\houseane.mop --> openmopac.net /jstewartMOPAC/Manual/ref_data houseane.mop
2007.02.23 15:43 B S:\OpenMOPAC_NET\Manual\ref_data\ic4h10.mop --> openmopac.net /jstewartMOPAC/Manual/ref_data ic4h10.mop
2007.02.23 15:43 B S:\OpenMOPAC_NET\Manual\ref_data\ic4h9_cat.mop --> openmopac.net /jstewartMOPAC/Manual/ref_data ic4h9_cat.mop
2007.02.23 15:43 B S:\OpenMOPAC_NET\Manual\ref_data\isobutene.mop --> openmopac.net /jstewartMOPAC/Manual/ref_data isobutene.mop
2007.02.23 15:43 B S:\OpenMOPAC_NET\Manual\ref_data\kf.mop --> openmopac.net /jstewartMOPAC/Manual/ref_data kf.mop
2007.02.23 15:43 B S:\OpenMOPAC_NET\Manual\ref_data\kr2_2.5.mop --> openmopac.net /jstewartMOPAC/Manual/ref_data kr2_2.5.mop
2007.02.23 15:43 B S:\OpenMOPAC_NET\Manual\ref_data\li2.mop --> openmopac.net /jstewartMOPAC/Manual/ref_data li2.mop
2007.02.23 15:43 B S:\OpenMOPAC_NET\Manual\ref_data\li2_1sig.mop --> openmopac.net /jstewartMOPAC/Manual/ref_data li2_1sig.mop
2007.02.23 15:43 B S:\OpenMOPAC_NET\Manual\ref_data\li2_1siu.mop --> openmopac.net /jstewartMOPAC/Manual/ref_data li2_1siu.mop
2007.02.23 15:43 B S:\OpenMOPAC_NET\Manual\ref_data\li2o.mop --> openmopac.net /jstewartMOPAC/Manual/ref_data li2o.mop
2007.02.23 15:43 B S:\OpenMOPAC_NET\Manual\ref_data\li_2pu.mop --> openmopac.net /jstewartMOPAC/Manual/ref_data li_2pu.mop
2007.02.23 15:43 B S:\OpenMOPAC_NET\Manual\ref_data\li_atom.mop --> openmopac.net /jstewartMOPAC/Manual/ref_data li_atom.mop
2007.02.23 15:43 B S:\OpenMOPAC_NET\Manual\ref_data\li_cat.mop --> openmopac.net /jstewartMOPAC/Manual/ref_data li_cat.mop
2007.02.23 15:43 B S:\OpenMOPAC_NET\Manual\ref_data\libeh.mop --> openmopac.net /jstewartMOPAC/Manual/ref_data libeh.mop
2007.02.23 15:43 B S:\OpenMOPAC_NET\Manual\ref_data\libu.mop --> openmopac.net /jstewartMOPAC/Manual/ref_data libu.mop
2007.02.23 15:43 B S:\OpenMOPAC_NET\Manual\ref_data\lic2h5.mop --> openmopac.net /jstewartMOPAC/Manual/ref_data lic2h5.mop
2007.02.23 15:43 B S:\OpenMOPAC_NET\Manual\ref_data\lic3h7.mop --> openmopac.net /jstewartMOPAC/Manual/ref_data lic3h7.mop
2007.02.23 15:44 B S:\OpenMOPAC_NET\Manual\ref_data\lic4h9.mop --> openmopac.net /jstewartMOPAC/Manual/ref_data lic4h9.mop
2007.02.23 15:44 B S:\OpenMOPAC_NET\Manual\ref_data\lic6h5.mop --> openmopac.net /jstewartMOPAC/Manual/ref_data lic6h5.mop
2007.02.23 15:44 B S:\OpenMOPAC_NET\Manual\ref_data\licch.mop --> openmopac.net /jstewartMOPAC/Manual/ref_data licch.mop
2007.02.23 15:44 B S:\OpenMOPAC_NET\Manual\ref_data\lich3.mop --> openmopac.net /jstewartMOPAC/Manual/ref_data lich3.mop
2007.02.23 15:44 B S:\OpenMOPAC_NET\Manual\ref_data\lichch2.mop --> openmopac.net /jstewartMOPAC/Manual/ref_data lichch2.mop
2007.02.23 15:44 B S:\OpenMOPAC_NET\Manual\ref_data\lif.mop --> openmopac.net /jstewartMOPAC/Manual/ref_data lif.mop
2007.02.23 15:44 B S:\OpenMOPAC_NET\Manual\ref_data\lih.mop --> openmopac.net /jstewartMOPAC/Manual/ref_data lih.mop
2007.02.23 15:44 B S:\OpenMOPAC_NET\Manual\ref_data\linc.mop --> openmopac.net /jstewartMOPAC/Manual/ref_data linc.mop
2007.02.23 15:44 B S:\OpenMOPAC_NET\Manual\ref_data\linh2.mop --> openmopac.net /jstewartMOPAC/Manual/ref_data linh2.mop
2007.02.23 15:44 B S:\OpenMOPAC_NET\Manual\ref_data\lioh.mop --> openmopac.net /jstewartMOPAC/Manual/ref_data lioh.mop
2007.02.23 15:44 B S:\OpenMOPAC_NET\Manual\ref_data\mcprop.mop --> openmopac.net /jstewartMOPAC/Manual/ref_data mcprop.mop
2007.02.23 15:44 B S:\OpenMOPAC_NET\Manual\ref_data\me2cyc3h2.mop --> openmopac.net /jstewartMOPAC/Manual/ref_data me2cyc3h2.mop
2007.02.23 15:44 B S:\OpenMOPAC_NET\Manual\ref_data\me2nh.mop --> openmopac.net /jstewartMOPAC/Manual/ref_data me2nh.mop
2007.02.23 15:44 B S:\OpenMOPAC_NET\Manual\ref_data\me2ph.mop --> openmopac.net /jstewartMOPAC/Manual/ref_data me2ph.mop
2007.02.23 15:44 B S:\OpenMOPAC_NET\Manual\ref_data\me2s.mop --> openmopac.net /jstewartMOPAC/Manual/ref_data me2s.mop
2007.02.23 15:44 B S:\OpenMOPAC_NET\Manual\ref_data\me3b.mop --> openmopac.net /jstewartMOPAC/Manual/ref_data me3b.mop
2007.02.23 15:44 B S:\OpenMOPAC_NET\Manual\ref_data\me3n.mop --> openmopac.net /jstewartMOPAC/Manual/ref_data me3n.mop
2007.02.23 15:44 B S:\OpenMOPAC_NET\Manual\ref_data\me3nbh3.mop --> openmopac.net /jstewartMOPAC/Manual/ref_data me3nbh3.mop
2007.02.23 15:44 B S:\OpenMOPAC_NET\Manual\ref_data\meconhme.mop --> openmopac.net /jstewartMOPAC/Manual/ref_data meconhme.mop
2007.02.23 15:44 B S:\OpenMOPAC_NET\Manual\ref_data\mecyc3h3.mop --> openmopac.net /jstewartMOPAC/Manual/ref_data mecyc3h3.mop
2007.02.23 15:44 B S:\OpenMOPAC_NET\Manual\ref_data\mesh.mop --> openmopac.net /jstewartMOPAC/Manual/ref_data mesh.mop
2007.02.23 15:44 B S:\OpenMOPAC_NET\Manual\ref_data\mgf2.mop --> openmopac.net /jstewartMOPAC/Manual/ref_data mgf2.mop
2007.02.23 15:44 B S:\OpenMOPAC_NET\Manual\ref_data\mn(acac)3.mop --> openmopac.net /jstewartMOPAC/Manual/ref_data mn(acac)3.mop
2007.02.23 15:44 B S:\OpenMOPAC_NET\Manual\ref_data\Mn(II)(H2O)6 6Ag -  4Tg (G).mop --> openmopac.net /jstewartMOPAC/Manual/ref_data Mn(II)(H2O)6 6Ag -  4Tg (G).mop
2007.02.23 15:44 B S:\OpenMOPAC_NET\Manual\ref_data\n2.mop --> openmopac.net /jstewartMOPAC/Manual/ref_data n2.mop
2007.02.23 15:44 B S:\OpenMOPAC_NET\Manual\ref_data\n2ch2.mop --> openmopac.net /jstewartMOPAC/Manual/ref_data n2ch2.mop
2007.02.23 15:44 B S:\OpenMOPAC_NET\Manual\ref_data\n2o.mop --> openmopac.net /jstewartMOPAC/Manual/ref_data n2o.mop
2007.02.23 15:44 B S:\OpenMOPAC_NET\Manual\ref_data\n2o4.mop --> openmopac.net /jstewartMOPAC/Manual/ref_data n2o4.mop
2007.02.23 15:44 B S:\OpenMOPAC_NET\Manual\ref_data\n2o5.mop --> openmopac.net /jstewartMOPAC/Manual/ref_data n2o5.mop
2007.02.23 15:44 B S:\OpenMOPAC_NET\Manual\ref_data\naf.mop --> openmopac.net /jstewartMOPAC/Manual/ref_data naf.mop
2007.02.23 15:44 B S:\OpenMOPAC_NET\Manual\ref_data\nah.mop --> openmopac.net /jstewartMOPAC/Manual/ref_data nah.mop
2007.02.23 15:44 B S:\OpenMOPAC_NET\Manual\ref_data\nali.mop --> openmopac.net /jstewartMOPAC/Manual/ref_data nali.mop
2007.02.23 15:44 B S:\OpenMOPAC_NET\Manual\ref_data\nbcl5.mop --> openmopac.net /jstewartMOPAC/Manual/ref_data nbcl5.mop
2007.02.23 15:44 B S:\OpenMOPAC_NET\Manual\ref_data\neoc5.mop --> openmopac.net /jstewartMOPAC/Manual/ref_data neoc5.mop
2007.02.23 15:44 B S:\OpenMOPAC_NET\Manual\ref_data\neoc5_ani.mop --> openmopac.net /jstewartMOPAC/Manual/ref_data neoc5_ani.mop
2007.02.23 15:44 B S:\OpenMOPAC_NET\Manual\ref_data\neon lithium cation.mop --> openmopac.net /jstewartMOPAC/Manual/ref_data neon lithium cation.mop
2007.02.23 15:44 B S:\OpenMOPAC_NET\Manual\ref_data\nf3.mop --> openmopac.net /jstewartMOPAC/Manual/ref_data nf3.mop
2007.02.23 15:44 B S:\OpenMOPAC_NET\Manual\ref_data\nh3.mop --> openmopac.net /jstewartMOPAC/Manual/ref_data nh3.mop
2007.02.23 15:44 B S:\OpenMOPAC_NET\Manual\ref_data\Ni3(Cp)3(CO)3.mop --> openmopac.net /jstewartMOPAC/Manual/ref_data Ni3(Cp)3(CO)3.mop
2007.02.23 15:44 B S:\OpenMOPAC_NET\Manual\ref_data\NiF2.mop --> openmopac.net /jstewartMOPAC/Manual/ref_data NiF2.mop
2007.02.23 15:44 B S:\OpenMOPAC_NET\Manual\ref_data\o3.mop --> openmopac.net /jstewartMOPAC/Manual/ref_data o3.mop
2007.02.23 15:44 B S:\OpenMOPAC_NET\Manual\ref_data\osal.mop --> openmopac.net /jstewartMOPAC/Manual/ref_data osal.mop
2007.02.23 15:44 B S:\OpenMOPAC_NET\Manual\ref_data\p2h4.mop --> openmopac.net /jstewartMOPAC/Manual/ref_data p2h4.mop
2007.02.23 15:44 B S:\OpenMOPAC_NET\Manual\ref_data\pc3h9.mop --> openmopac.net /jstewartMOPAC/Manual/ref_data pc3h9.mop
2007.02.23 15:44 B S:\OpenMOPAC_NET\Manual\ref_data\pent14den.mop --> openmopac.net /jstewartMOPAC/Manual/ref_data pent14den.mop
2007.02.23 15:44 B S:\OpenMOPAC_NET\Manual\ref_data\pentane.mop --> openmopac.net /jstewartMOPAC/Manual/ref_data pentane.mop
2007.02.23 15:44 B S:\OpenMOPAC_NET\Manual\ref_data\pf3.mop --> openmopac.net /jstewartMOPAC/Manual/ref_data pf3.mop
2007.02.23 15:44 B S:\OpenMOPAC_NET\Manual\ref_data\ph3.mop --> openmopac.net /jstewartMOPAC/Manual/ref_data ph3.mop
2007.02.23 15:44 B S:\OpenMOPAC_NET\Manual\ref_data\phenol.mop --> openmopac.net /jstewartMOPAC/Manual/ref_data phenol.mop
2007.02.23 15:44 B S:\OpenMOPAC_NET\Manual\ref_data\pof3.mop --> openmopac.net /jstewartMOPAC/Manual/ref_data pof3.mop
2007.02.23 15:44 B S:\OpenMOPAC_NET\Manual\ref_data\propane.mop --> openmopac.net /jstewartMOPAC/Manual/ref_data propane.mop
2007.02.23 15:44 B S:\OpenMOPAC_NET\Manual\ref_data\propene.mop --> openmopac.net /jstewartMOPAC/Manual/ref_data propene.mop
2007.02.23 15:44 B S:\OpenMOPAC_NET\Manual\ref_data\propiolactone.mop --> openmopac.net /jstewartMOPAC/Manual/ref_data propiolactone.mop
2007.02.23 15:44 B S:\OpenMOPAC_NET\Manual\ref_data\propyne.mop --> openmopac.net /jstewartMOPAC/Manual/ref_data propyne.mop
2007.02.23 15:44 B S:\OpenMOPAC_NET\Manual\ref_data\rbbr.mop --> openmopac.net /jstewartMOPAC/Manual/ref_data rbbr.mop
2007.02.23 15:44 B S:\OpenMOPAC_NET\Manual\ref_data\saddle.dat --> openmopac.net /jstewartMOPAC/Manual/ref_data saddle.dat
2007.02.23 15:44 B S:\OpenMOPAC_NET\Manual\ref_data\scf4_ani.mop --> openmopac.net /jstewartMOPAC/Manual/ref_data scf4_ani.mop
2007.02.23 15:44 B S:\OpenMOPAC_NET\Manual\ref_data\secl2.mop --> openmopac.net /jstewartMOPAC/Manual/ref_data secl2.mop
2007.02.23 15:44 B S:\OpenMOPAC_NET\Manual\ref_data\sf6.mop --> openmopac.net /jstewartMOPAC/Manual/ref_data sf6.mop
2007.02.23 15:44 B S:\OpenMOPAC_NET\Manual\ref_data\si2me6nh.mop --> openmopac.net /jstewartMOPAC/Manual/ref_data si2me6nh.mop
2007.02.23 15:44 B S:\OpenMOPAC_NET\Manual\ref_data\sieth3.mop --> openmopac.net /jstewartMOPAC/Manual/ref_data sieth3.mop
2007.02.23 15:44 B S:\OpenMOPAC_NET\Manual\ref_data\sif2h2.mop --> openmopac.net /jstewartMOPAC/Manual/ref_data sif2h2.mop
2007.02.23 15:44 B S:\OpenMOPAC_NET\Manual\ref_data\sih3vin.mop --> openmopac.net /jstewartMOPAC/Manual/ref_data sih3vin.mop
2007.02.23 15:44 B S:\OpenMOPAC_NET\Manual\ref_data\sih4.mop --> openmopac.net /jstewartMOPAC/Manual/ref_data sih4.mop
2007.02.23 15:44 B S:\OpenMOPAC_NET\Manual\ref_data\sihf3.mop --> openmopac.net /jstewartMOPAC/Manual/ref_data sihf3.mop
2007.02.23 15:44 B S:\OpenMOPAC_NET\Manual\ref_data\sime2h2.mop --> openmopac.net /jstewartMOPAC/Manual/ref_data sime2h2.mop
2007.02.23 15:44 B S:\OpenMOPAC_NET\Manual\ref_data\sime3h.mop --> openmopac.net /jstewartMOPAC/Manual/ref_data sime3h.mop
2007.02.23 15:44 B S:\OpenMOPAC_NET\Manual\ref_data\spiran.mop --> openmopac.net /jstewartMOPAC/Manual/ref_data spiran.mop
2007.02.23 15:44 B S:\OpenMOPAC_NET\Manual\ref_data\srf2.mop --> openmopac.net /jstewartMOPAC/Manual/ref_data srf2.mop
2007.02.23 15:44 B S:\OpenMOPAC_NET\Manual\ref_data\tbut2ene.mop --> openmopac.net /jstewartMOPAC/Manual/ref_data tbut2ene.mop
2007.02.23 15:44 B S:\OpenMOPAC_NET\Manual\ref_data\tif4.mop --> openmopac.net /jstewartMOPAC/Manual/ref_data tif4.mop
2007.02.23 15:44 B S:\OpenMOPAC_NET\Manual\ref_data\toluene.mop --> openmopac.net /jstewartMOPAC/Manual/ref_data toluene.mop
2007.02.23 15:44 B S:\OpenMOPAC_NET\Manual\ref_data\tpen13den.mop --> openmopac.net /jstewartMOPAC/Manual/ref_data tpen13den.mop
2007.02.23 15:44 B S:\OpenMOPAC_NET\Manual\ref_data\tpent2ene.mop --> openmopac.net /jstewartMOPAC/Manual/ref_data tpent2ene.mop
2007.02.23 15:44 B S:\OpenMOPAC_NET\Manual\ref_data\tpent3ene.mop --> openmopac.net /jstewartMOPAC/Manual/ref_data tpent3ene.mop
2007.02.23 15:44 B S:\OpenMOPAC_NET\Manual\ref_data\transc4h6.mop --> openmopac.net /jstewartMOPAC/Manual/ref_data transc4h6.mop
2007.02.23 15:44 B S:\OpenMOPAC_NET\Manual\ref_data\tricyclopentadienyl yttrium(iii).mop --> openmopac.net /jstewartMOPAC/Manual/ref_data tricyclopentadienyl yttrium(iii).mop
2007.02.23 15:44 B S:\OpenMOPAC_NET\Manual\ref_data\vcl4.mop --> openmopac.net /jstewartMOPAC/Manual/ref_data vcl4.mop
2007.02.23 15:44 B S:\OpenMOPAC_NET\Manual\ref_data\vinylacet.mop --> openmopac.net /jstewartMOPAC/Manual/ref_data vinylacet.mop
2007.02.23 15:44 B S:\OpenMOPAC_NET\Manual\ref_data\znme2.mop --> openmopac.net /jstewartMOPAC/Manual/ref_data znme2.mop
2007.02.23 15:44 B S:\OpenMOPAC_NET\Manual\ref_data\zrf4.mop --> openmopac.net /jstewartMOPAC/Manual/ref_data zrf4.mop
