 *******************************************************************************
 ** Site#: 23746        For non-commercial use only     Version 16.047W 64BITS**
 *******************************************************************************
 ** Cite this program as: MOPAC2016, Version: 16.047W, James J. P. Stewart,   **
 ** Stewart Computational Chemistry, web: HTTP://OpenMOPAC.net. Days left: 364**
 *******************************************************************************
 **                                                                           **
 **                                MOPAC2016                                  **
 **                                                                           **
 *******************************************************************************

                              PM7 CALCULATION RESULTS


 *******************************************************************************
 *  CALCULATION DONE:                                Wed Feb 17 08:19:24 2016  *
 *  MERS=N     - NUMBER OF FUNDAMENTAL UNIT CELLS USED:  8
 *  T=         - A TIME OF 172800.0 SECONDS REQUESTED
 *  DUMP=N     - RESTART FILE WRITTEN EVERY  7200.000 SECONDS
 *  HTML       - WRITE HTML SCRIPT TO READ PDB FILE USING JSMOL
 *******************************************************************************
   MERS=(8) HTML
 Polyethylene for Electronics

  ATOM    CHEMICAL      BOND LENGTH      BOND ANGLE     TWIST ANGLE 
 NUMBER    SYMBOL       (ANGSTROMS)      (DEGREES)       (DEGREES) 
   (I)                     NA:I           NB:NA:I       NC:NB:NA:I       NA    NB    NC 
     1       C          0.00000000       0.0000000       0.0000000        0     0     0
     2       C          1.50000000  *    0.0000000       0.0000000        1     0     0
     3       H          1.10000000  *  107.1456320  *    0.0000000        2     1     0
     4       H          1.10000000  *  107.1456320  * -117.3690880  *     2     1     3
     5       H          1.10000000  *  107.1456320  *  180.0000000  *     1     2     3
     6       H          1.10000000  *  107.1456320  *  -62.6309120  *     1     2     3
     7       C          3.86142800  *   20.7856850  *  -58.6845440  *     2     1     3
     8       C          1.50000000  *  114.0000000  *   58.6845440  *     1     2     3
     9       H          2.10543200  *   44.1114280  *  142.2112750  *     7     2     1
    10       H          1.10000000  *  107.1456320  * -117.3690880  *     8     7     9
    11       H          1.10000000  *  107.1456320  *  180.0000000  *     7     8     9
    12       H          1.10000000  *  107.1456320  *  -62.6309120  *     7     8     9
    13       C          3.86142800  *   20.7856850  *  -58.6845440  *     8     7     9
    14       C          1.50000000  *  134.7856850  *  180.0000000  *     7     2     1
    15       H          2.10543200  *   44.1114280  *  142.2112750  *    13     8     7
    16       H          1.10000000  *  107.1456320  * -117.3690880  *    14    13    15
    17       H          1.10000000  *  107.1456320  *  180.0000000  *    13    14    15
    18       H          1.10000000  *  107.1456320  *  -62.6309120  *    13    14    15
    19       C          3.86142800  *   20.7856850  *  -58.6845440  *    14    13    15
    20       C          1.50000000  *  134.7856850  *  180.0000000  *    13     8     7
    21       H          2.10543200  *   44.1114280  *  142.2112750  *    19    14    13
    22       H          1.10000000  *  107.1456320  * -117.3690880  *    20    19    21
    23       H          1.10000000  *  107.1456320  *  180.0000000  *    19    20    21
    24       H          1.10000000  *  107.1456320  *  -62.6309120  *    19    20    21
    25       C          3.86142800  *   20.7856850  *  -58.6845440  *    20    19    21
    26       C          1.50000000  *  134.7856850  *  180.0000000  *    19    14    13
    27       H          2.10543200  *   44.1114280  *  142.2112750  *    25    20    19
    28       H          1.10000000  *  107.1456320  * -117.3690880  *    26    25    27
    29       H          1.10000000  *  107.1456320  *  180.0000000  *    25    26    27
    30       H          1.10000000  *  107.1456320  *  -62.6309120  *    25    26    27
    31       C          3.86142800  *   20.7856850  *  -58.6845440  *    26    25    27
    32       C          1.50000000  *  134.7856850  *  180.0000000  *    25    20    19
    33       H          2.10543200  *   44.1114280  *  142.2112750  *    31    26    25
    34       H          1.10000000  *  107.1456320  * -117.3690880  *    32    31    33
    35       H          1.10000000  *  107.1456320  *  180.0000000  *    31    32    33
    36       H          1.10000000  *  107.1456320  *  -62.6309120  *    31    32    33
    37       C          3.86142800  *   20.7856850  *  -58.6845440  *    32    31    33
    38       C          1.50000000  *  134.7856850  *  180.0000000  *    31    26    25
    39       H          2.10543200  *   44.1114280  *  142.2112750  *    37    32    31
    40       H          1.10000000  *  107.1456320  * -117.3690880  *    38    37    39
    41       H          1.10000000  *  107.1456320  *  180.0000000  *    37    38    39
    42       H          1.10000000  *  107.1456320  *  -62.6309120  *    37    38    39
    43       C          3.86142800  *   20.7856850  *  -58.6845440  *    38    37    39
    44       C          1.50000000  *  134.7856850  *  180.0000000  *    37    32    31
    45       H          2.10543200  *   44.1114280  *  142.2112750  *    43    38    37
    46       H          1.10000000  *  107.1456320  * -117.3690880  *    44    43    45
    47       H          1.10000000  *  107.1456320  *  180.0000000  *    43    44    45
    48       H          1.10000000  *  107.1456320  *  -62.6309120  *    43    44    45
    49      XX          2.51601200  *  167.7856850  *  180.0000000  *    43    38    37
    50      Tv         20.12809400  *    0.0000000       0.0000000        1    49    47
 

                   THE SYSTEM IS A POLYMER


                UNIT CELL TRANSLATION VECTORS

              X              Y              Z
    T1 = -16.8808446      5.6978121     -9.3654786


          CARTESIAN COORDINATES 

    NO.       ATOM         X         Y         Z

     1         C        0.0000    0.0000    0.0000
     2         C        1.5000    0.0000    0.0000
     3         H        1.8243    1.0511    0.0000
     4         H        1.8243   -0.4832   -0.9335
     5         H       -0.3243   -1.0511   -0.0000
     6         H       -0.3243    0.4832    0.9335
     7         C       -2.1101    0.7122   -1.1707
     8         C       -0.6101    0.7122   -1.1707
     9         H       -0.2858    1.7633   -1.1707
    10         H       -0.2858    0.2290   -2.1041
    11         H       -2.4344   -0.3389   -1.1707
    12         H       -2.4344    1.1954   -0.2372
    13         C       -4.2202    1.4244   -2.3414
    14         C       -2.7202    1.4244   -2.3414
    15         H       -2.3959    2.4756   -2.3414
    16         H       -2.3959    0.9412   -3.2748
    17         H       -4.5445    0.3733   -2.3414
    18         H       -4.5445    1.9077   -1.4079
    19         C       -6.3303    2.1367   -3.5121
    20         C       -4.8303    2.1367   -3.5121
    21         H       -4.5060    3.1878   -3.5121
    22         H       -4.5060    1.6534   -4.4455
    23         H       -6.6546    1.0856   -3.5121
    24         H       -6.6546    2.6199   -2.5786
    25         C       -8.4404    2.8489   -4.6828
    26         C       -6.9404    2.8489   -4.6828
    27         H       -6.6161    3.9000   -4.6828
    28         H       -6.6161    2.3657   -5.6162
    29         H       -8.7647    1.7978   -4.6828
    30         H       -8.7647    3.3321   -3.7493
    31         C      -10.5505    3.5611   -5.8534
    32         C       -9.0505    3.5611   -5.8534
    33         H       -8.7262    4.6122   -5.8534
    34         H       -8.7262    3.0779   -6.7869
    35         H      -10.8748    2.5100   -5.8534
    36         H      -10.8748    4.0443   -4.9200
    37         C      -12.6606    4.2733   -7.0241
    38         C      -11.1606    4.2733   -7.0241
    39         H      -10.8363    5.3245   -7.0241
    40         H      -10.8364    3.7901   -7.9576
    41         H      -12.9849    3.2222   -7.0241
    42         H      -12.9849    4.7566   -6.0907
    43         C      -14.7707    4.9856   -8.1948
    44         C      -13.2707    4.9856   -8.1948
    45         H      -12.9465    6.0367   -8.1948
    46         H      -12.9465    4.5024   -9.1283
    47         H      -15.0950    3.9345   -8.1948
    48         H      -15.0950    5.4688   -7.2613

 General Reference for PM7:
 "Optimization of Parameters for Semiempirical Methods VI: More Modifications to the 
 NDDO Approximations and Re-optimization of Parameters", J. J. P. Stewart, J. Mol. Mod., 1:32, 19 (2013)
 http://www.springerlink.com/openurl.asp?genre=article&id=doi:10.1007/s00894-012-1667-x

           Empirical Formula: C16 H32  =    48 atoms



      RHF CALCULATION, NO. OF DOUBLY OCCUPIED LEVELS = 48


          Geometry optimization using EF

          DIAGONAL MATRIX USED AS START HESSIAN

 CYCLE:     1 TIME:   0.109 TIME LEFT:  2.00D  GRAD.:   216.102 HEAT: -60.58854
 CYCLE:     2 TIME:   0.141 TIME LEFT:  2.00D  GRAD.:  1589.503 HEAT: -61.44089
 CYCLE:     3 TIME:   0.125 TIME LEFT:  2.00D  GRAD.:  1575.875 HEAT: -61.93601
 CYCLE:     4 TIME:   0.047 TIME LEFT:  2.00D  GRAD.:   389.364 HEAT: -64.31867
 CYCLE:     5 TIME:   0.031 TIME LEFT:  2.00D  GRAD.:   252.353 HEAT: -65.65926
 CYCLE:     6 TIME:   0.031 TIME LEFT:  2.00D  GRAD.:   577.794 HEAT: -67.08037
 CYCLE:     7 TIME:   0.047 TIME LEFT:  2.00D  GRAD.:   858.712 HEAT: -69.50159
 CYCLE:     8 TIME:   0.264 TIME LEFT:  2.00D  GRAD.:   848.367 HEAT: -69.58684
 CYCLE:     9 TIME:   0.031 TIME LEFT:  2.00D  GRAD.:   187.742 HEAT: -69.88426
 CYCLE:    10 TIME:   0.031 TIME LEFT:  2.00D  GRAD.:   211.704 HEAT: -70.11292
 CYCLE:    11 TIME:   0.047 TIME LEFT:  2.00D  GRAD.:   337.657 HEAT: -70.49013
 CYCLE:    12 TIME:   0.031 TIME LEFT:  2.00D  GRAD.:   334.056 HEAT: -71.00893
 CYCLE:    13 TIME:   0.031 TIME LEFT:  2.00D  GRAD.:   431.980 HEAT: -72.17097
 CYCLE:    14 TIME:   0.047 TIME LEFT:  2.00D  GRAD.:   736.882 HEAT: -73.23090
 CYCLE:    15 TIME:   0.047 TIME LEFT:  2.00D  GRAD.:   263.697 HEAT: -74.45683
 CYCLE:    16 TIME:   0.031 TIME LEFT:  2.00D  GRAD.:   221.072 HEAT: -75.01065
 CYCLE:    17 TIME:   0.047 TIME LEFT:  2.00D  GRAD.:   271.319 HEAT: -75.62139
 CYCLE:    18 TIME:   0.078 TIME LEFT:  2.00D  GRAD.:   171.920 HEAT: -75.85413
 CYCLE:    19 TIME:   0.047 TIME LEFT:  2.00D  GRAD.:   186.745 HEAT: -76.12929
 CYCLE:    20 TIME:   0.031 TIME LEFT:  2.00D  GRAD.:   324.363 HEAT: -76.49216
 CYCLE:    21 TIME:   0.078 TIME LEFT:  2.00D  GRAD.:   128.293 HEAT: -76.74427
 CYCLE:    22 TIME:   0.031 TIME LEFT:  2.00D  GRAD.:   150.141 HEAT: -76.95367
 CYCLE:    23 TIME:   0.047 TIME LEFT:  2.00D  GRAD.:   217.439 HEAT: -77.24905
 CYCLE:    24 TIME:   0.062 TIME LEFT:  2.00D  GRAD.:   127.670 HEAT: -77.39570
 CYCLE:    25 TIME:   0.078 TIME LEFT:  2.00D  GRAD.:   269.085 HEAT: -77.64816
 CYCLE:    26 TIME:   0.045 TIME LEFT:  2.00D  GRAD.:   206.994 HEAT: -77.78907
 CYCLE:    27 TIME:   0.033 TIME LEFT:  2.00D  GRAD.:   240.695 HEAT: -77.93202
 CYCLE:    28 TIME:   0.031 TIME LEFT:  2.00D  GRAD.:   160.473 HEAT: -78.23326
 CYCLE:    29 TIME:   0.078 TIME LEFT:  2.00D  GRAD.:   117.805 HEAT: -78.33019
 CYCLE:    30 TIME:   0.047 TIME LEFT:  2.00D  GRAD.:    77.936 HEAT: -78.38531
 CYCLE:    31 TIME:   0.031 TIME LEFT:  2.00D  GRAD.:   206.444 HEAT: -78.62758
 CYCLE:    32 TIME:   0.029 TIME LEFT:  2.00D  GRAD.:    81.190 HEAT: -78.68476
 CYCLE:    33 TIME:   0.031 TIME LEFT:  2.00D  GRAD.:    92.258 HEAT: -78.68669
 CYCLE:    34 TIME:   0.047 TIME LEFT:  2.00D  GRAD.:    98.201 HEAT: -78.80930
 CYCLE:    35 TIME:   0.062 TIME LEFT:  2.00D  GRAD.:   126.383 HEAT: -78.84715
 CYCLE:    36 TIME:   0.031 TIME LEFT:  2.00D  GRAD.:   182.104 HEAT: -78.89522
 CYCLE:    37 TIME:   0.047 TIME LEFT:  2.00D  GRAD.:    68.211 HEAT: -78.91164
 CYCLE:    38 TIME:   0.031 TIME LEFT:  2.00D  GRAD.:    75.563 HEAT: -78.94805
 CYCLE:    39 TIME:   0.047 TIME LEFT:  2.00D  GRAD.:    85.062 HEAT: -78.95729
 CYCLE:    40 TIME:   0.047 TIME LEFT:  2.00D  GRAD.:   145.085 HEAT: -79.00063
 CYCLE:    41 TIME:   0.031 TIME LEFT:  2.00D  GRAD.:   114.432 HEAT: -79.04530
 CYCLE:    42 TIME:   0.031 TIME LEFT:  2.00D  GRAD.:    57.984 HEAT: -79.05964
 CYCLE:    43 TIME:   0.031 TIME LEFT:  2.00D  GRAD.:    66.911 HEAT: -79.12616
 CYCLE:    44 TIME:   0.047 TIME LEFT:  2.00D  GRAD.:   148.595 HEAT: -79.17368
 CYCLE:    45 TIME:   0.031 TIME LEFT:  2.00D  GRAD.:    50.341 HEAT: -79.22149
 CYCLE:    46 TIME:   0.031 TIME LEFT:  2.00D  GRAD.:    57.842 HEAT: -79.26355
 CYCLE:    47 TIME:   0.031 TIME LEFT:  2.00D  GRAD.:    97.899 HEAT: -79.29830
 CYCLE:    48 TIME:   0.047 TIME LEFT:  2.00D  GRAD.:   109.170 HEAT: -79.32755
 CYCLE:    49 TIME:   0.031 TIME LEFT:  2.00D  GRAD.:    42.797 HEAT: -79.37313
 CYCLE:    50 TIME:   0.031 TIME LEFT:  2.00D  GRAD.:    46.243 HEAT: -79.39645
 CYCLE:    51 TIME:   0.047 TIME LEFT:  2.00D  GRAD.:    63.211 HEAT: -79.45653
 CYCLE:    52 TIME:   0.047 TIME LEFT:  2.00D  GRAD.:    43.929 HEAT: -79.49061
 CYCLE:    53 TIME:   0.047 TIME LEFT:  2.00D  GRAD.:    38.723 HEAT: -79.51339
 CYCLE:    54 TIME:   0.031 TIME LEFT:  2.00D  GRAD.:    60.239 HEAT: -79.55024
 CYCLE:    55 TIME:   0.047 TIME LEFT:  2.00D  GRAD.:    37.626 HEAT: -79.59785
 CYCLE:    56 TIME:   0.031 TIME LEFT:  2.00D  GRAD.:    68.498 HEAT: -79.64054
 CYCLE:    57 TIME:   0.031 TIME LEFT:  2.00D  GRAD.:    43.895 HEAT: -79.67897
 CYCLE:    58 TIME:   0.029 TIME LEFT:  2.00D  GRAD.:    55.715 HEAT: -79.71163
 CYCLE:    59 TIME:   0.047 TIME LEFT:  2.00D  GRAD.:    57.104 HEAT: -79.74744
 CYCLE:    60 TIME:   0.031 TIME LEFT:  2.00D  GRAD.:    42.290 HEAT: -79.77921
 CYCLE:    61 TIME:   0.033 TIME LEFT:  2.00D  GRAD.:    41.917 HEAT: -79.80938
 CYCLE:    62 TIME:   0.031 TIME LEFT:  2.00D  GRAD.:    48.101 HEAT: -79.82876
 CYCLE:    63 TIME:   0.047 TIME LEFT:  2.00D  GRAD.:    29.568 HEAT: -79.85849
 CYCLE:    64 TIME:   0.031 TIME LEFT:  2.00D  GRAD.:    43.031 HEAT: -79.88426
 CYCLE:    65 TIME:   0.029 TIME LEFT:  2.00D  GRAD.:    27.578 HEAT: -79.91255
 CYCLE:    66 TIME:   0.062 TIME LEFT:  2.00D  GRAD.:    31.889 HEAT: -79.93150
 CYCLE:    67 TIME:   0.033 TIME LEFT:  2.00D  GRAD.:    25.096 HEAT: -79.95001
 CYCLE:    68 TIME:   0.029 TIME LEFT:  2.00D  GRAD.:    25.112 HEAT: -79.97161
 CYCLE:    69 TIME:   0.031 TIME LEFT:  2.00D  GRAD.:    29.366 HEAT: -79.99787
 CYCLE:    70 TIME:   0.047 TIME LEFT:  2.00D  GRAD.:    29.992 HEAT: -80.02818
 CYCLE:    71 TIME:   0.031 TIME LEFT:  2.00D  GRAD.:    36.336 HEAT: -80.06228
 CYCLE:    72 TIME:   0.031 TIME LEFT:  2.00D  GRAD.:    53.986 HEAT: -80.08660
 CYCLE:    73 TIME:   0.031 TIME LEFT:  2.00D  GRAD.:    31.550 HEAT: -80.10749
 CYCLE:    74 TIME:   0.031 TIME LEFT:  2.00D  GRAD.:    31.489 HEAT: -80.13092
 CYCLE:    75 TIME:   0.047 TIME LEFT:  2.00D  GRAD.:    33.197 HEAT: -80.15604
 CYCLE:    76 TIME:   0.031 TIME LEFT:  2.00D  GRAD.:    28.810 HEAT: -80.17116
 CYCLE:    77 TIME:   0.031 TIME LEFT:  2.00D  GRAD.:    32.715 HEAT: -80.19663
 CYCLE:    78 TIME:   0.031 TIME LEFT:  2.00D  GRAD.:    30.189 HEAT: -80.20557
 CYCLE:    79 TIME:   0.031 TIME LEFT:  2.00D  GRAD.:    35.555 HEAT: -80.22535
 CYCLE:    80 TIME:   0.031 TIME LEFT:  2.00D  GRAD.:    29.500 HEAT: -80.23640
 CYCLE:    81 TIME:   0.047 TIME LEFT:  2.00D  GRAD.:    31.254 HEAT: -80.24791
 CYCLE:    82 TIME:   0.031 TIME LEFT:  2.00D  GRAD.:    28.315 HEAT: -80.25876
 CYCLE:    83 TIME:   0.031 TIME LEFT:  2.00D  GRAD.:    30.068 HEAT: -80.27044
 CYCLE:    84 TIME:   0.047 TIME LEFT:  2.00D  GRAD.:    29.998 HEAT: -80.27977
 CYCLE:    85 TIME:   0.047 TIME LEFT:  2.00D  GRAD.:    29.954 HEAT: -80.29231
 CYCLE:    86 TIME:   0.047 TIME LEFT:  2.00D  GRAD.:    31.639 HEAT: -80.29997
 CYCLE:    87 TIME:   0.031 TIME LEFT:  2.00D  GRAD.:    29.122 HEAT: -80.31069
 CYCLE:    88 TIME:   0.031 TIME LEFT:  2.00D  GRAD.:    27.887 HEAT: -80.31551
 CYCLE:    89 TIME:   0.031 TIME LEFT:  2.00D  GRAD.:    27.262 HEAT: -80.32374
 CYCLE:    90 TIME:   0.045 TIME LEFT:  2.00D  GRAD.:    25.360 HEAT: -80.33017
 CYCLE:    91 TIME:   0.033 TIME LEFT:  2.00D  GRAD.:    28.083 HEAT: -80.34229
 CYCLE:    92 TIME:   0.031 TIME LEFT:  2.00D  GRAD.:    26.357 HEAT: -80.35139
 CYCLE:    93 TIME:   0.031 TIME LEFT:  2.00D  GRAD.:    23.433 HEAT: -80.36926
 CYCLE:    94 TIME:   0.029 TIME LEFT:  2.00D  GRAD.:    40.593 HEAT: -80.38658
 CYCLE:    95 TIME:   0.049 TIME LEFT:  2.00D  GRAD.:    24.501 HEAT: -80.39546
 CYCLE:    96 TIME:   0.029 TIME LEFT:  2.00D  GRAD.:    21.979 HEAT: -80.41004
 CYCLE:    97 TIME:   0.031 TIME LEFT:  2.00D  GRAD.:    29.470 HEAT: -80.43988
 CYCLE:    98 TIME:   0.047 TIME LEFT:  2.00D  GRAD.:    27.339 HEAT: -80.45558
 CYCLE:    99 TIME:   0.047 TIME LEFT:  2.00D  GRAD.:    25.640 HEAT: -80.47060
 CYCLE:   100 TIME:   0.062 TIME LEFT:  2.00D  GRAD.:    22.879 HEAT: -80.48138
 CYCLE:   101 TIME:   0.047 TIME LEFT:  2.00D  GRAD.:    17.765 HEAT: -80.49034
 CYCLE:   102 TIME:   0.047 TIME LEFT:  2.00D  GRAD.:    41.021 HEAT: -80.50368
 CYCLE:   103 TIME:   0.047 TIME LEFT:  2.00D  GRAD.:    36.661 HEAT: -80.51393
 CYCLE:   104 TIME:   0.031 TIME LEFT:  2.00D  GRAD.:    15.863 HEAT: -80.52720
 CYCLE:   105 TIME:   0.047 TIME LEFT:  2.00D  GRAD.:    15.979 HEAT: -80.53503
 CYCLE:   106 TIME:   0.031 TIME LEFT:  2.00D  GRAD.:    36.923 HEAT: -80.54853
 CYCLE:   107 TIME:   0.047 TIME LEFT:  2.00D  GRAD.:    24.378 HEAT: -80.55147
 CYCLE:   108 TIME:   0.031 TIME LEFT:  2.00D  GRAD.:    16.578 HEAT: -80.55533
 CYCLE:   109 TIME:   0.031 TIME LEFT:  2.00D  GRAD.:    18.178 HEAT: -80.55835
 CYCLE:   110 TIME:   0.031 TIME LEFT:  2.00D  GRAD.:    23.865 HEAT: -80.56351
 CYCLE:   111 TIME:   0.031 TIME LEFT:  2.00D  GRAD.:    48.773 HEAT: -80.57013
 CYCLE:   112 TIME:   0.031 TIME LEFT:  2.00D  GRAD.:    17.750 HEAT: -80.57870
 CYCLE:   113 TIME:   0.031 TIME LEFT:  2.00D  GRAD.:    28.459 HEAT: -80.58300
 CYCLE:   114 TIME:   0.031 TIME LEFT:  2.00D  GRAD.:    25.967 HEAT: -80.58808
 CYCLE:   115 TIME:   0.031 TIME LEFT:  2.00D  GRAD.:    11.823 HEAT: -80.59200
 CYCLE:   116 TIME:   0.047 TIME LEFT:  2.00D  GRAD.:    18.227 HEAT: -80.59692
 CYCLE:   117 TIME:   0.031 TIME LEFT:  2.00D  GRAD.:    11.980 HEAT: -80.59941
 CYCLE:   118 TIME:   0.031 TIME LEFT:  2.00D  GRAD.:    14.595 HEAT: -80.60171
 CYCLE:   119 TIME:   0.031 TIME LEFT:  2.00D  GRAD.:    14.564 HEAT: -80.60445
 CYCLE:   120 TIME:   0.031 TIME LEFT:  2.00D  GRAD.:    14.820 HEAT: -80.60890
 CYCLE:   121 TIME:   0.031 TIME LEFT:  2.00D  GRAD.:    36.216 HEAT: -80.61031
 CYCLE:   122 TIME:   0.029 TIME LEFT:  2.00D  GRAD.:    11.392 HEAT: -80.61230
 CYCLE:   123 TIME:   0.033 TIME LEFT:  2.00D  GRAD.:    11.060 HEAT: -80.61339
 CYCLE:   124 TIME:   0.031 TIME LEFT:  2.00D  GRAD.:    17.307 HEAT: -80.61484
 CYCLE:   125 TIME:   0.031 TIME LEFT:  2.00D  GRAD.:    13.793 HEAT: -80.61614
 CYCLE:   126 TIME:   0.047 TIME LEFT:  2.00D  GRAD.:    12.381 HEAT: -80.61766
 CYCLE:   127 TIME:   0.031 TIME LEFT:  2.00D  GRAD.:    13.170 HEAT: -80.62003
 CYCLE:   128 TIME:   0.029 TIME LEFT:  2.00D  GRAD.:    14.632 HEAT: -80.62015
 CYCLE:   129 TIME:   0.031 TIME LEFT:  2.00D  GRAD.:    27.966 HEAT: -80.62542
 CYCLE:   130 TIME:   0.033 TIME LEFT:  2.00D  GRAD.:    14.301 HEAT: -80.62734
 CYCLE:   131 TIME:   0.031 TIME LEFT:  2.00D  GRAD.:    14.477 HEAT: -80.62970
 CYCLE:   132 TIME:   0.029 TIME LEFT:  2.00D  GRAD.:    11.470 HEAT: -80.63003
 CYCLE:   133 TIME:   0.031 TIME LEFT:  2.00D  GRAD.:    11.384 HEAT: -80.63125
 CYCLE:   134 TIME:   0.031 TIME LEFT:  2.00D  GRAD.:    27.332 HEAT: -80.63770
 CYCLE:   135 TIME:   0.033 TIME LEFT:  2.00D  GRAD.:    13.964 HEAT: -80.64076
 CYCLE:   136 TIME:   0.045 TIME LEFT:  2.00D  GRAD.:    16.683 HEAT: -80.64341
 CYCLE:   137 TIME:   0.031 TIME LEFT:  2.00D  GRAD.:    22.538 HEAT: -80.64598
 CYCLE:   138 TIME:   0.031 TIME LEFT:  2.00D  GRAD.:    19.842 HEAT: -80.64204
 CYCLE:   139 TIME:   0.031 TIME LEFT:  2.00D  GRAD.:    10.435 HEAT: -80.64596
 CYCLE:   140 TIME:   0.031 TIME LEFT:  2.00D  GRAD.:    11.053 HEAT: -80.64940
 CYCLE:   141 TIME:   0.031 TIME LEFT:  2.00D  GRAD.:    12.966 HEAT: -80.65698
 CYCLE:   142 TIME:   0.031 TIME LEFT:  2.00D  GRAD.:    13.546 HEAT: -80.66079
 CYCLE:   143 TIME:   0.031 TIME LEFT:  2.00D  GRAD.:     9.473 HEAT: -80.66577
 CYCLE:   144 TIME:   0.047 TIME LEFT:  2.00D  GRAD.:    12.382 HEAT: -80.66967
 CYCLE:   145 TIME:   0.031 TIME LEFT:  2.00D  GRAD.:    11.073 HEAT: -80.67191
 CYCLE:   146 TIME:   0.031 TIME LEFT:  2.00D  GRAD.:    17.110 HEAT: -80.67563
 CYCLE:   147 TIME:   0.031 TIME LEFT:  2.00D  GRAD.:    22.169 HEAT: -80.67816
 CYCLE:   148 TIME:   0.031 TIME LEFT:  2.00D  GRAD.:    20.591 HEAT: -80.68039
 CYCLE:   149 TIME:   0.031 TIME LEFT:  2.00D  GRAD.:     9.698 HEAT: -80.68505
 CYCLE:   150 TIME:   0.031 TIME LEFT:  2.00D  GRAD.:    20.338 HEAT: -80.68647
 CYCLE:   151 TIME:   0.031 TIME LEFT:  2.00D  GRAD.:     6.867 HEAT: -80.68825
 CYCLE:   152 TIME:   0.031 TIME LEFT:  2.00D  GRAD.:    16.734 HEAT: -80.68921
 CYCLE:   153 TIME:   0.031 TIME LEFT:  2.00D  GRAD.:     8.701 HEAT: -80.69025
 CYCLE:   154 TIME:   0.031 TIME LEFT:  2.00D  GRAD.:     8.068 HEAT: -80.69057
 CYCLE:   155 TIME:   0.031 TIME LEFT:  2.00D  GRAD.:    20.190 HEAT: -80.69333
 CYCLE:   156 TIME:   0.047 TIME LEFT:  2.00D  GRAD.:    11.763 HEAT: -80.69443
 CYCLE:   157 TIME:   0.047 TIME LEFT:  2.00D  GRAD.:     9.629 HEAT: -80.69644
 CYCLE:   158 TIME:   0.047 TIME LEFT:  2.00D  GRAD.:    14.782 HEAT: -80.69786
 CYCLE:   159 TIME:   0.029 TIME LEFT:  2.00D  GRAD.:    12.948 HEAT: -80.69876
 CYCLE:   160 TIME:   0.033 TIME LEFT:  2.00D  GRAD.:     8.356 HEAT: -80.69979
 CYCLE:   161 TIME:   0.031 TIME LEFT:  2.00D  GRAD.:     5.246 HEAT: -80.70230
 CYCLE:   162 TIME:   0.031 TIME LEFT:  2.00D  GRAD.:     6.125 HEAT: -80.70294
 CYCLE:   163 TIME:   0.029 TIME LEFT:  2.00D  GRAD.:     6.131 HEAT: -80.70370
 CYCLE:   164 TIME:   0.031 TIME LEFT:  2.00D  GRAD.:     6.698 HEAT: -80.70245
 CYCLE:   165 TIME:   0.033 TIME LEFT:  2.00D  GRAD.:     7.195 HEAT: -80.70297
 CYCLE:   166 TIME:   0.031 TIME LEFT:  2.00D  GRAD.:     8.594 HEAT: -80.70396
 CYCLE:   167 TIME:   0.047 TIME LEFT:  2.00D  GRAD.:    12.699 HEAT: -80.70585
 CYCLE:   168 TIME:   0.031 TIME LEFT:  2.00D  GRAD.:    15.857 HEAT: -80.70955
 CYCLE:   169 TIME:   0.029 TIME LEFT:  2.00D  GRAD.:     6.627 HEAT: -80.70995
 CYCLE:   170 TIME:   0.031 TIME LEFT:  2.00D  GRAD.:     4.363 HEAT: -80.71058
 CYCLE:   171 TIME:   0.047 TIME LEFT:  2.00D  GRAD.:    12.033 HEAT: -80.71150
 CYCLE:   172 TIME:   0.031 TIME LEFT:  2.00D  GRAD.:    19.653 HEAT: -80.71750
 CYCLE:   173 TIME:   0.031 TIME LEFT:  2.00D  GRAD.:    43.592 HEAT: -80.71800
 CYCLE:   174 TIME:   0.031 TIME LEFT:  2.00D  GRAD.:    30.750 HEAT: -80.71799
 CYCLE:   175 TIME:   0.031 TIME LEFT:  2.00D  GRAD.:    18.516 HEAT: -80.71726
 CYCLE:   176 TIME:   0.047 TIME LEFT:  2.00D  GRAD.:    16.179 HEAT: -80.72054
 CYCLE:   177 TIME:   0.031 TIME LEFT:  2.00D  GRAD.:    15.873 HEAT: -80.72080
 CYCLE:   178 TIME:   0.031 TIME LEFT:  2.00D  GRAD.:    12.143 HEAT: -80.72127
 CYCLE:   179 TIME:   0.031 TIME LEFT:  2.00D  GRAD.:    26.927 HEAT: -80.72056
 CYCLE:   180 TIME:   0.031 TIME LEFT:  2.00D  GRAD.:    14.431 HEAT: -80.72099
 CYCLE:   181 TIME:   0.031 TIME LEFT:  2.00D  GRAD.:    16.045 HEAT: -80.72224
 CYCLE:   182 TIME:   0.031 TIME LEFT:  2.00D  GRAD.:    30.186 HEAT: -80.72133
 CYCLE:   183 TIME:   0.031 TIME LEFT:  2.00D  GRAD.:     6.275 HEAT: -80.72302
 CYCLE:   184 TIME:   0.031 TIME LEFT:  2.00D  GRAD.:     8.934 HEAT: -80.72336
 CYCLE:   185 TIME:   0.031 TIME LEFT:  2.00D  GRAD.:    10.420 HEAT: -80.72441
 CYCLE:   186 TIME:   0.031 TIME LEFT:  2.00D  GRAD.:    12.835 HEAT: -80.72495
 CYCLE:   187 TIME:   0.047 TIME LEFT:  2.00D  GRAD.:     7.744 HEAT: -80.72528
 CYCLE:   188 TIME:   0.031 TIME LEFT:  2.00D  GRAD.:     5.086 HEAT: -80.72577
 CYCLE:   189 TIME:   0.031 TIME LEFT:  2.00D  GRAD.:     4.608 HEAT: -80.72612
 CYCLE:   190 TIME:   0.031 TIME LEFT:  2.00D  GRAD.:     4.459 HEAT: -80.72662
 CYCLE:   191 TIME:   0.047 TIME LEFT:  2.00D  GRAD.:     7.914 HEAT: -80.72698
 CYCLE:   192 TIME:   0.062 TIME LEFT:  2.00D  GRAD.:    14.981 HEAT: -80.71895
 CYCLE:   193 TIME:   0.031 TIME LEFT:  2.00D  GRAD.:    13.879 HEAT: -80.72799
 CYCLE:   194 TIME:   0.031 TIME LEFT:  2.00D  GRAD.:    19.928 HEAT: -80.72668
 CYCLE:   195 TIME:   0.031 TIME LEFT:  2.00D  GRAD.:    11.409 HEAT: -80.72697
 CYCLE:   196 TIME:   0.031 TIME LEFT:  2.00D  GRAD.:    12.687 HEAT: -80.72752
 CYCLE:   197 TIME:   0.031 TIME LEFT:  2.00D  GRAD.:    17.495 HEAT: -80.72839
 CYCLE:   198 TIME:   0.047 TIME LEFT:  2.00D  GRAD.:     4.982 HEAT: -80.72900
 CYCLE:   199 TIME:   0.029 TIME LEFT:  2.00D  GRAD.:     4.863 HEAT: -80.72961
 CYCLE:   200 TIME:   0.031 TIME LEFT:  2.00D  GRAD.:     6.884 HEAT: -80.73355
 CYCLE:   201 TIME:   0.033 TIME LEFT:  2.00D  GRAD.:    13.979 HEAT: -80.74125
 CYCLE:   202 TIME:   0.031 TIME LEFT:  2.00D  GRAD.:     8.437 HEAT: -80.73674
 CYCLE:   203 TIME:   0.029 TIME LEFT:  2.00D  GRAD.:     8.552 HEAT: -80.74180
 CYCLE:   204 TIME:   0.031 TIME LEFT:  2.00D  GRAD.:     3.347 HEAT: -80.74219
 CYCLE:   205 TIME:   0.031 TIME LEFT:  2.00D  GRAD.:    10.391 HEAT: -80.74120
 CYCLE:   206 TIME:   0.033 TIME LEFT:  2.00D  GRAD.:     4.308 HEAT: -80.74009
 CYCLE:   207 TIME:   0.029 TIME LEFT:  2.00D  GRAD.:     6.884 HEAT: -80.73967
 CYCLE:   208 TIME:   0.049 TIME LEFT:  2.00D  GRAD.:     8.300 HEAT: -80.74005
 CYCLE:   209 TIME:   0.029 TIME LEFT:  2.00D  GRAD.:    14.271 HEAT: -80.74130
 CYCLE:   210 TIME:   0.031 TIME LEFT:  2.00D  GRAD.:    15.792 HEAT: -80.74123
 CYCLE:   211 TIME:   0.031 TIME LEFT:  2.00D  GRAD.:     3.570 HEAT: -80.74214
 CYCLE:   212 TIME:   0.031 TIME LEFT:  2.00D  GRAD.:     4.605 HEAT: -80.74256
 CYCLE:   213 TIME:   0.031 TIME LEFT:  2.00D  GRAD.:     4.649 HEAT: -80.74580
 CYCLE:   214 TIME:   0.031 TIME LEFT:  2.00D  GRAD.:     5.298 HEAT: -80.74394
 CYCLE:   215 TIME:   0.031 TIME LEFT:  2.00D  GRAD.:     4.109 HEAT: -80.74437
 CYCLE:   216 TIME:   0.031 TIME LEFT:  2.00D  GRAD.:     5.332 HEAT: -80.74485
 CYCLE:   217 TIME:   0.031 TIME LEFT:  2.00D  GRAD.:     3.872 HEAT: -80.74514
 CYCLE:   218 TIME:   0.031 TIME LEFT:  2.00D  GRAD.:     7.112 HEAT: -80.74541
 CYCLE:   219 TIME:   0.047 TIME LEFT:  2.00D  GRAD.:    15.397 HEAT: -80.74422
 CYCLE:   220 TIME:   0.031 TIME LEFT:  2.00D  GRAD.:     6.981 HEAT: -80.74612
 CYCLE:   221 TIME:   0.031 TIME LEFT:  2.00D  GRAD.:     9.007 HEAT: -80.74464
 CYCLE:   222 TIME:   0.031 TIME LEFT:  2.00D  GRAD.:     8.474 HEAT: -80.74516
 CYCLE:   223 TIME:   0.031 TIME LEFT:  2.00D  GRAD.:     6.884 HEAT: -80.74534
 CYCLE:   224 TIME:   0.031 TIME LEFT:  2.00D  GRAD.:     3.703 HEAT: -80.74556
 CYCLE:   225 TIME:   0.031 TIME LEFT:  2.00D  GRAD.:     3.686 HEAT: -80.74581
 CYCLE:   226 TIME:   0.031 TIME LEFT:  2.00D  GRAD.:     6.292 HEAT: -80.74807
 CYCLE:   227 TIME:   0.031 TIME LEFT:  2.00D  GRAD.:     6.520 HEAT: -80.74635
 CYCLE:   228 TIME:   0.031 TIME LEFT:  2.00D  GRAD.:     5.523 HEAT: -80.74651
 CYCLE:   229 TIME:   0.031 TIME LEFT:  2.00D  GRAD.:     3.417 HEAT: -80.74726
 CYCLE:   230 TIME:   0.031 TIME LEFT:  2.00D  GRAD.:     4.791 HEAT: -80.74737
 CYCLE:   231 TIME:   0.031 TIME LEFT:  2.00D  GRAD.:     3.449 HEAT: -80.74756
 CYCLE:   232 TIME:   0.031 TIME LEFT:  2.00D  GRAD.:     3.385 HEAT: -80.74787
 CYCLE:   233 TIME:   0.047 TIME LEFT:  2.00D  GRAD.:     2.814 HEAT: -80.74816
 CYCLE:   234 TIME:   0.031 TIME LEFT:  2.00D  GRAD.:     3.186 HEAT: -80.74852
 CYCLE:   235 TIME:   0.047 TIME LEFT:  2.00D  GRAD.:     5.571 HEAT: -80.74865
 CYCLE:   236 TIME:   0.047 TIME LEFT:  2.00D  GRAD.:     3.960 HEAT: -80.74880
 CYCLE:   237 TIME:   0.045 TIME LEFT:  2.00D  GRAD.:     2.335 HEAT: -80.75132
 CYCLE:   238 TIME:   0.047 TIME LEFT:  2.00D  GRAD.:     4.369 HEAT: -80.75164
 CYCLE:   239 TIME:   0.047 TIME LEFT:  2.00D  GRAD.:     5.640 HEAT: -80.75061
 CYCLE:   240 TIME:   0.047 TIME LEFT:  2.00D  GRAD.:     6.843 HEAT: -80.75094
 CYCLE:   241 TIME:   0.049 TIME LEFT:  2.00D  GRAD.:     7.624 HEAT: -80.75224
 CYCLE:   242 TIME:   0.045 TIME LEFT:  2.00D  GRAD.:     3.194 HEAT: -80.75255
 CYCLE:   243 TIME:   0.047 TIME LEFT:  2.00D  GRAD.:     9.206 HEAT: -80.75283
 CYCLE:   244 TIME:   0.047 TIME LEFT:  2.00D  GRAD.:     6.909 HEAT: -80.75299
 CYCLE:   245 TIME:   0.047 TIME LEFT:  2.00D  GRAD.:     5.184 HEAT: -80.75317
 CYCLE:   246 TIME:   0.031 TIME LEFT:  2.00D  GRAD.:     7.245 HEAT: -80.75422
 CYCLE:   247 TIME:   0.031 TIME LEFT:  2.00D  GRAD.:     2.804 HEAT: -80.75448
 CYCLE:   248 TIME:   0.047 TIME LEFT:  2.00D  GRAD.:     2.512 HEAT: -80.75478
 CYCLE:   249 TIME:   0.047 TIME LEFT:  2.00D  GRAD.:     2.397 HEAT: -80.75565
 CYCLE:   250 TIME:   0.062 TIME LEFT:  2.00D  GRAD.:     2.495 HEAT: -80.75668
 CYCLE:   251 TIME:   0.031 TIME LEFT:  2.00D  GRAD.:    15.635 HEAT: -80.75685
 CYCLE:   252 TIME:   0.047 TIME LEFT:  2.00D  GRAD.:     6.498 HEAT: -80.75720
 CYCLE:   253 TIME:   0.047 TIME LEFT:  2.00D  GRAD.:     3.999 HEAT: -80.75718
 CYCLE:   254 TIME:   0.047 TIME LEFT:  2.00D  GRAD.:     5.624 HEAT: -80.75745
 CYCLE:   255 TIME:   0.047 TIME LEFT:  2.00D  GRAD.:     2.536 HEAT: -80.75773
 CYCLE:   256 TIME:   0.047 TIME LEFT:  2.00D  GRAD.:     3.719 HEAT: -80.75790
 CYCLE:   257 TIME:   0.232 TIME LEFT:  2.00D  GRAD.:    21.124 HEAT: -80.75622
 CYCLE:   258 TIME:   0.047 TIME LEFT:  2.00D  GRAD.:    21.747 HEAT: -80.75832
 CYCLE:   259 TIME:   0.031 TIME LEFT:  2.00D  GRAD.:    17.873 HEAT: -80.75592
 CYCLE:   260 TIME:   0.033 TIME LEFT:  2.00D  GRAD.:     9.773 HEAT: -80.75862
 CYCLE:   261 TIME:   0.031 TIME LEFT:  2.00D  GRAD.:     7.489 HEAT: -80.75881
 CYCLE:   262 TIME:   0.029 TIME LEFT:  2.00D  GRAD.:    18.368 HEAT: -80.75754
 CYCLE:   263 TIME:   0.031 TIME LEFT:  2.00D  GRAD.:     3.381 HEAT: -80.75793
 CYCLE:   264 TIME:   0.031 TIME LEFT:  2.00D  GRAD.:     2.470 HEAT: -80.76006
 CYCLE:   265 TIME:   0.033 TIME LEFT:  2.00D  GRAD.:     5.009 HEAT: -80.76043
 CYCLE:   266 TIME:   0.029 TIME LEFT:  2.00D  GRAD.:     2.167 HEAT: -80.76070
 CYCLE:   267 TIME:   0.031 TIME LEFT:  2.00D  GRAD.:     3.570 HEAT: -80.76108
 CYCLE:   268 TIME:   0.031 TIME LEFT:  2.00D  GRAD.:     3.069 HEAT: -80.76133
 CYCLE:   269 TIME:   0.031 TIME LEFT:  2.00D  GRAD.:    24.026 HEAT: -80.76206
 CYCLE:   270 TIME:   0.047 TIME LEFT:  2.00D  GRAD.:     5.476 HEAT: -80.76179
 CYCLE:   271 TIME:   0.031 TIME LEFT:  2.00D  GRAD.:     8.036 HEAT: -80.76187
 CYCLE:   272 TIME:   0.031 TIME LEFT:  2.00D  GRAD.:     6.585 HEAT: -80.76205
 CYCLE:   273 TIME:   0.031 TIME LEFT:  2.00D  GRAD.:     3.537 HEAT: -80.76421
 CYCLE:   274 TIME:   0.031 TIME LEFT:  2.00D  GRAD.:     2.921 HEAT: -80.76255
 CYCLE:   275 TIME:   0.031 TIME LEFT:  2.00D  GRAD.:     3.244 HEAT: -80.76265
 CYCLE:   276 TIME:   0.031 TIME LEFT:  2.00D  GRAD.:    12.212 HEAT: -80.76637
 CYCLE:   277 TIME:   0.031 TIME LEFT:  2.00D  GRAD.:     7.753 HEAT: -80.76474
 CYCLE:   278 TIME:   0.031 TIME LEFT:  2.00D  GRAD.:     5.741 HEAT: -80.76680
 CYCLE:   279 TIME:   0.047 TIME LEFT:  2.00D  GRAD.:     5.330 HEAT: -80.76686
 CYCLE:   280 TIME:   0.031 TIME LEFT:  2.00D  GRAD.:     3.935 HEAT: -80.76879
 CYCLE:   281 TIME:   0.031 TIME LEFT:  2.00D  GRAD.:     3.265 HEAT: -80.76887
 CYCLE:   282 TIME:   0.031 TIME LEFT:  2.00D  GRAD.:     7.134 HEAT: -80.77144
 CYCLE:   283 TIME:   0.031 TIME LEFT:  2.00D  GRAD.:     3.272 HEAT: -80.77165
 CYCLE:   284 TIME:   0.031 TIME LEFT:  2.00D  GRAD.:     7.009 HEAT: -80.77185
 CYCLE:   285 TIME:   0.031 TIME LEFT:  2.00D  GRAD.:     2.038 HEAT: -80.77206
 CYCLE:   286 TIME:   0.031 TIME LEFT:  2.00D  GRAD.:     2.039 HEAT: -80.77224
 CYCLE:   287 TIME:   0.031 TIME LEFT:  2.00D  GRAD.:     2.711 HEAT: -80.77104
 CYCLE:   288 TIME:   0.031 TIME LEFT:  2.00D  GRAD.:     6.087 HEAT: -80.77099
 CYCLE:   289 TIME:   0.031 TIME LEFT:  2.00D  GRAD.:     2.025 HEAT: -80.77121
 CYCLE:   290 TIME:   0.031 TIME LEFT:  2.00D  GRAD.:     2.170 HEAT: -80.77131
 CYCLE:   291 TIME:   0.031 TIME LEFT:  2.00D  GRAD.:     6.102 HEAT: -80.77154
 CYCLE:   292 TIME:   0.047 TIME LEFT:  2.00D  GRAD.:     3.627 HEAT: -80.77163
 CYCLE:   293 TIME:   0.047 TIME LEFT:  2.00D  GRAD.:     2.026 HEAT: -80.77174
 CYCLE:   294 TIME:   0.045 TIME LEFT:  2.00D  GRAD.:     2.597 HEAT: -80.77186
 CYCLE:   295 TIME:   0.047 TIME LEFT:  2.00D  GRAD.:     2.474 HEAT: -80.77199
 CYCLE:   296 TIME:   0.047 TIME LEFT:  2.00D  GRAD.:     4.551 HEAT: -80.77362
 CYCLE:   297 TIME:   0.049 TIME LEFT:  2.00D  GRAD.:     9.931 HEAT: -80.77260
 CYCLE:   298 TIME:   0.029 TIME LEFT:  2.00D  GRAD.:     6.994 HEAT: -80.77358
 CYCLE:   299 TIME:   0.047 TIME LEFT:  2.00D  GRAD.:     2.818 HEAT: -80.77376
 CYCLE:   300 TIME:   0.031 TIME LEFT:  2.00D  GRAD.:     2.306 HEAT: -80.77384
 CYCLE:   301 TIME:   0.031 TIME LEFT:  2.00D  GRAD.:     2.300 HEAT: -80.77395
 CYCLE:   302 TIME:   0.031 TIME LEFT:  2.00D  GRAD.:     2.158 HEAT: -80.77405
 CYCLE:   303 TIME:   0.031 TIME LEFT:  2.00D  GRAD.:     5.116 HEAT: -80.77417
 CYCLE:   304 TIME:   0.031 TIME LEFT:  2.00D  GRAD.:     4.113 HEAT: -80.77427
 CYCLE:   305 TIME:   0.031 TIME LEFT:  2.00D  GRAD.:     2.726 HEAT: -80.77440
 CYCLE:   306 TIME:   0.031 TIME LEFT:  2.00D  GRAD.:     2.956 HEAT: -80.77452
 CYCLE:   307 TIME:   0.031 TIME LEFT:  2.00D  GRAD.:     2.602 HEAT: -80.77467
 CYCLE:   308 TIME:   0.031 TIME LEFT:  2.00D  GRAD.:     3.538 HEAT: -80.77488
 CYCLE:   309 TIME:   0.031 TIME LEFT:  2.00D  GRAD.:     4.750 HEAT: -80.77495
 CYCLE:   310 TIME:   0.031 TIME LEFT:  2.00D  GRAD.:     2.403 HEAT: -80.77516
 CYCLE:   311 TIME:   0.031 TIME LEFT:  2.00D  GRAD.:     2.330 HEAT: -80.77526
 CYCLE:   312 TIME:   0.031 TIME LEFT:  2.00D  GRAD.:     1.938 HEAT: -80.77375
 CYCLE:   313 TIME:   0.031 TIME LEFT:  2.00D  GRAD.:     4.434 HEAT: -80.77383
 CYCLE:   314 TIME:   0.047 TIME LEFT:  2.00D  GRAD.:     1.797 HEAT: -80.77398
 CYCLE:   315 TIME:   0.031 TIME LEFT:  2.00D  GRAD.:     1.440 HEAT: -80.77409
 CYCLE:   316 TIME:   0.031 TIME LEFT:  2.00D  GRAD.:     4.682 HEAT: -80.77234
 CYCLE:   317 TIME:   0.031 TIME LEFT:  2.00D  GRAD.:     3.261 HEAT: -80.77432
 CYCLE:   318 TIME:   0.031 TIME LEFT:  2.00D  GRAD.:     1.962 HEAT: -80.77256
 CYCLE:   319 TIME:   0.031 TIME LEFT:  2.00D  GRAD.:     3.883 HEAT: -80.77271
 CYCLE:   320 TIME:   0.031 TIME LEFT:  2.00D  GRAD.:     2.160 HEAT: -80.77280
 CYCLE:   321 TIME:   0.031 TIME LEFT:  2.00D  GRAD.:     2.240 HEAT: -80.77286
 CYCLE:   322 TIME:   0.031 TIME LEFT:  2.00D  GRAD.:     8.025 HEAT: -80.77211
 CYCLE:   323 TIME:   0.031 TIME LEFT:  2.00D  GRAD.:    11.400 HEAT: -80.77183
 CYCLE:   324 TIME:   0.031 TIME LEFT:  2.00D  GRAD.:     7.406 HEAT: -80.76981
 CYCLE:   325 TIME:   0.047 TIME LEFT:  2.00D  GRAD.:     8.687 HEAT: -80.77221
 CYCLE:   326 TIME:   0.029 TIME LEFT:  2.00D  GRAD.:     3.351 HEAT: -80.77223
 CYCLE:   327 TIME:   0.049 TIME LEFT:  2.00D  GRAD.:     3.409 HEAT: -80.77236
 CYCLE:   328 TIME:   0.047 TIME LEFT:  2.00D  GRAD.:     3.447 HEAT: -80.77243
 CYCLE:   329 TIME:   0.047 TIME LEFT:  2.00D  GRAD.:     5.457 HEAT: -80.77260
 CYCLE:   330 TIME:   0.031 TIME LEFT:  2.00D  GRAD.:     2.622 HEAT: -80.77273
 CYCLE:   331 TIME:   0.029 TIME LEFT:  2.00D  GRAD.:     2.364 HEAT: -80.77278
 CYCLE:   332 TIME:   0.031 TIME LEFT:  2.00D  GRAD.:     3.681 HEAT: -80.77273
 CYCLE:   333 TIME:   0.033 TIME LEFT:  2.00D  GRAD.:     2.731 HEAT: -80.77293
 CYCLE:   334 TIME:   0.031 TIME LEFT:  2.00D  GRAD.:     2.066 HEAT: -80.77297
 CYCLE:   335 TIME:   0.029 TIME LEFT:  2.00D  GRAD.:     1.938 HEAT: -80.77301
 CYCLE:   336 TIME:   0.031 TIME LEFT:  2.00D  GRAD.:     1.973 HEAT: -80.77308
 CYCLE:   337 TIME:   0.031 TIME LEFT:  2.00D  GRAD.:     3.962 HEAT: -80.77320
 CYCLE:   338 TIME:   0.033 TIME LEFT:  2.00D  GRAD.:     2.063 HEAT: -80.77333
 CYCLE:   339 TIME:   0.029 TIME LEFT:  2.00D  GRAD.:     1.738 HEAT: -80.77343
 CYCLE:   340 TIME:   0.047 TIME LEFT:  2.00D  GRAD.:     5.039 HEAT: -80.77352
 CYCLE:   341 TIME:   0.031 TIME LEFT:  2.00D  GRAD.:     6.800 HEAT: -80.77358
 CYCLE:   342 TIME:   0.031 TIME LEFT:  2.00D  GRAD.:     6.268 HEAT: -80.77373
 CYCLE:   343 TIME:   0.031 TIME LEFT:  2.00D  GRAD.:     4.314 HEAT: -80.77209
 CYCLE:   344 TIME:   0.031 TIME LEFT:  2.00D  GRAD.:     2.412 HEAT: -80.77240
 CYCLE:   345 TIME:   0.031 TIME LEFT:  2.00D  GRAD.:     6.071 HEAT: -80.77272
 CYCLE:   346 TIME:   0.031 TIME LEFT:  2.00D  GRAD.:     1.329 HEAT: -80.77287
 CYCLE:   347 TIME:   0.031 TIME LEFT:  2.00D  GRAD.:     3.697 HEAT: -80.77297
 CYCLE:   348 TIME:   0.031 TIME LEFT:  2.00D  GRAD.:     5.631 HEAT: -80.77129
 CYCLE:   349 TIME:   0.031 TIME LEFT:  2.00D  GRAD.:     5.829 HEAT: -80.77319
 CYCLE:   350 TIME:   0.031 TIME LEFT:  2.00D  GRAD.:     2.266 HEAT: -80.77145
 CYCLE:   351 TIME:   0.031 TIME LEFT:  2.00D  GRAD.:     4.983 HEAT: -80.77343
 CYCLE:   352 TIME:   0.031 TIME LEFT:  2.00D  GRAD.:     1.558 HEAT: -80.77349
 CYCLE:   353 TIME:   0.031 TIME LEFT:  2.00D  GRAD.:     3.099 HEAT: -80.77354
 CYCLE:   354 TIME:   0.031 TIME LEFT:  2.00D  GRAD.:     2.042 HEAT: -80.77360
 CYCLE:   355 TIME:   0.031 TIME LEFT:  2.00D  GRAD.:     1.050 HEAT: -80.77550
 CYCLE:   356 TIME:   0.031 TIME LEFT:  2.00D  GRAD.:     1.675 HEAT: -80.77552
 CYCLE:   357 TIME:   0.031 TIME LEFT:  2.00D  GRAD.:     1.581 HEAT: -80.77557
 CYCLE:   358 TIME:   0.031 TIME LEFT:  2.00D  GRAD.:     1.564 HEAT: -80.77370
 CYCLE:   359 TIME:   0.031 TIME LEFT:  2.00D  GRAD.:     1.750 HEAT: -80.77567
 CYCLE:   360 TIME:   0.031 TIME LEFT:  2.00D  GRAD.:     1.592 HEAT: -80.77569
 CYCLE:   361 TIME:   0.031 TIME LEFT:  2.00D  GRAD.:     3.662 HEAT: -80.77575
 CYCLE:   362 TIME:   0.031 TIME LEFT:  2.00D  GRAD.:     1.320 HEAT: -80.77580
 CYCLE:   363 TIME:   0.047 TIME LEFT:  2.00D  GRAD.:     1.295 HEAT: -80.77581
 CYCLE:   364 TIME:   0.031 TIME LEFT:  2.00D  GRAD.:     2.679 HEAT: -80.77584
 CYCLE:   365 TIME:   0.031 TIME LEFT:  2.00D  GRAD.:     3.662 HEAT: -80.77593
 CYCLE:   366 TIME:   0.047 TIME LEFT:  2.00D  GRAD.:     1.408 HEAT: -80.77597
 CYCLE:   367 TIME:   0.047 TIME LEFT:  2.00D  GRAD.:     1.338 HEAT: -80.77600
 CYCLE:   368 TIME:   0.047 TIME LEFT:  2.00D  GRAD.:     2.275 HEAT: -80.77599
 CYCLE:   369 TIME:   0.045 TIME LEFT:  2.00D  GRAD.:     1.517 HEAT: -80.77608
 CYCLE:   370 TIME:   0.033 TIME LEFT:  2.00D  GRAD.:     2.463 HEAT: -80.77609
 CYCLE:   371 TIME:   0.045 TIME LEFT:  2.00D  GRAD.:     6.489 HEAT: -80.77954
 CYCLE:   372 TIME:   0.033 TIME LEFT:  2.00D  GRAD.:     2.793 HEAT: -80.77615
 CYCLE:   373 TIME:   0.029 TIME LEFT:  2.00D  GRAD.:     0.902 HEAT: -80.77802

     GRADIENT =  0.90158  IS LESS THAN CUTOFF =  1.00000



 -------------------------------------------------------------------------------
   MERS=(8) HTML
 Polyethylene for Electronics



     GEOMETRY OPTIMISED USING EIGENVECTOR FOLLOWING (EF).     
     SCF FIELD WAS ACHIEVED                                   


                              PM7 CALCULATION
                                                       MOPAC2016 (Version: 16.047W)
                                                       Wed Feb 17 08:19:38 2016
                                                       No. of days remaining = 364




          FINAL HEAT OF FORMATION =        -80.77803 KCAL/MOL =    -337.97529 KJ/MOL


          TOTAL ENERGY            =      -2399.44549 EV
          ELECTRONIC ENERGY       =     -31853.25265 EV
          CORE-CORE REPULSION     =      29453.80715 EV

          GRADIENT NORM           =          0.90158
          IONIZATION POTENTIAL    =         10.592102 EV
          HOMO LUMO ENERGIES (EV) =        -10.592  3.747
          NO. OF FILLED LEVELS    =         48
          MOLECULAR WEIGHT        =        224.4288

          MOLECULAR DIMENSIONS (Angstroms)

            Atom       Atom       Distance
            H    47    H     3    19.17477
            H     5    H    45     5.18687
            H     4    H    18     2.82660


          SCF CALCULATIONS        =        394
 
          WALL-CLOCK TIME         =         14.227 SECONDS
          COMPUTATION TIME        =         56.691 SECONDS




  ATOM               CHEMICAL                 BOND LENGTH      BOND ANGLE     TWIST ANGLE 
 NUMBER               SYMBOL                  (ANGSTROMS)      (DEGREES)       (DEGREES) 
   (I)                                           NA:I           NB:NA:I       NC:NB:NA:I       NA    NB    NC 
     1       C(HETATM    1  C   HET A   1)    0.00000000       0.0000000       0.0000000   
     2       C(HETATM    2  C   HET A   1)    1.53431948  *    0.0000000       0.0000000        1     0     0
     3       H(HETATM    3  H   HET A   1)    1.10591723  *  109.9757458  *    0.0000000        2     1     0
     4       H(HETATM    4  H   HET A   1)    1.10578999  *  110.0414550  * -116.3202781  *     2     1     3
     5       H(HETATM    5  H   HET A   1)    1.10598195  *  109.9604244  * -179.8124730  *     1     2     3
     6       H(HETATM    6  H   HET A   1)    1.10595063  *  109.9856443  *  -63.5455517  *     1     2     3
     7       C(HETATM    7  C   HET A   1)    3.88798980  *   21.5452461  *  -58.9668022  *     2     1     3
     8       C(HETATM    8  C   HET A   1)    1.53424203  *  110.9051119  *   58.3092308  *     1     2     3
     9       H(HETATM    9  H   HET A   1)    2.17747302  *   43.8361551  *  142.8303324  *     7     2     1
    10       H(HETATM   10  H   HET A   1)    1.10584796  *  109.9911811  * -116.3417620  *     8     7     9
    11       H(HETATM   11  H   HET A   1)    1.10591658  *  109.9603624  * -179.8257496  *     7     8     9
    12       H(HETATM   12  H   HET A   1)    1.10584425  *  110.0000738  *  -63.5358274  *     7     8     9
    13       C(HETATM   13  C   HET A   1)    3.88910540  *   21.6024547  *  -58.9700906  *     8     7     9
    14       C(HETATM   14  C   HET A   1)    1.53450238  *  132.6223742  *  179.4165132  *     7     2     1
    15       H(HETATM   15  H   HET A   1)    2.17685801  *   43.8114291  *  142.8859209  *    13     8     7
    16       H(HETATM   16  H   HET A   1)    1.10591951  *  109.9713683  * -116.2697892  *    14    13    15
    17       H(HETATM   17  H   HET A   1)    1.10576035  *  110.0099278  * -179.9266847  *    13    14    15
    18       H(HETATM   18  H   HET A   1)    1.10569356  *  110.0492686  *  -63.5488235  *    13    14    15
    19       C(HETATM   19  C   HET A   1)    3.88740592  *   21.7525717  *  -58.8011145  *    14    13    15
    20       C(HETATM   20  C   HET A   1)    1.53477237  *  132.3437340  *  179.4852928  *    13     8     7
    21       H(HETATM   21  H   HET A   1)    2.17676041  *   43.6742244  *  142.9257909  *    19    14    13
    22       H(HETATM   22  H   HET A   1)    1.10582674  *  109.9864757  * -116.3618794  *    20    19    21
    23       H(HETATM   23  H   HET A   1)    1.10580235  *  110.0108220  * -179.9262519  *    19    20    21
    24       H(HETATM   24  H   HET A   1)    1.10577674  *  110.0451830  *  -63.5677806  *    19    20    21
    25       C(HETATM   25  C   HET A   1)    3.88660615  *   21.7453223  *  -58.7120745  *    20    19    21
    26       C(HETATM   26  C   HET A   1)    1.53430827  *  132.2426068  *  179.3888729  *    19    14    13
    27       H(HETATM   27  H   HET A   1)    2.17688237  *   43.6637521  *  143.0691727  *    25    20    19
    28       H(HETATM   28  H   HET A   1)    1.10586791  *  109.9803539  * -116.3383979  *    26    25    27
    29       H(HETATM   29  H   HET A   1)    1.10592376  *  109.9696986  *  179.9897412  *    25    26    27
    30       H(HETATM   30  H   HET A   1)    1.10588925  *  110.0114123  *  -63.7207827  *    25    26    27
    31       C(HETATM   31  C   HET A   1)    3.88721921  *   21.6197773  *  -58.5378498  *    26    25    27
    32       C(HETATM   32  C   HET A   1)    1.53407084  *  132.3967773  *  179.3472181  *    25    20    19
    33       H(HETATM   33  H   HET A   1)    2.17697781  *   43.7401886  *  143.2772489  *    31    26    25
    34       H(HETATM   34  H   HET A   1)    1.10585845  *  109.9987641  * -116.3315712  *    32    31    33
    35       H(HETATM   35  H   HET A   1)    1.10583464  *  110.0034531  *  179.8768883  *    31    32    33
    36       H(HETATM   36  H   HET A   1)    1.10582235  *  110.0255371  *  -63.7883539  *    31    32    33
    37       C(HETATM   37  C   HET A   1)    3.88706771  *   21.6885041  *  -58.1588113  *    32    31    33
    38       C(HETATM   38  C   HET A   1)    1.53436279  *  132.4200655  *  179.3692262  *    31    26    25
    39       H(HETATM   39  H   HET A   1)    2.17665954  *   43.6421700  *  143.8068207  *    37    32    31
    40       H(HETATM   40  H   HET A   1)    1.10586833  *  109.9919612  * -116.3053235  *    38    37    39
    41       H(HETATM   41  H   HET A   1)    1.10578008  *  110.0298422  *  179.8129699  *    37    38    39
    42       H(HETATM   42  H   HET A   1)    1.10592679  *  109.9900591  *  -63.8614434  *    37    38    39
    43       C(HETATM   43  C   HET A   1)    3.88709131  *   21.6724571  *  -56.9474191  *    38    37    39
    44       C(HETATM   44  C   HET A   1)    1.53439326  *  132.3953521  *  179.6262250  *    37    32    31
    45       H(HETATM   45  H   HET A   1)    2.17614280  *   43.4270327  *  145.9076676  *    43    38    37
    46       H(HETATM   46  H   HET A   1)    1.10576995  *  110.0340524  * -116.3001297  *    44    43    45
    47       H(HETATM   47  H   HET A   1)    1.10579332  *  110.0369140  *  179.8218990  *    43    44    45
    48       H(HETATM   48  H   HET A   1)    1.10594850  *  109.9712236  *  -63.8436545  *    43    44    45
    49      XX                                2.12523032  *  166.9209570  *  174.1568900  *    43    38    37
    50      Tv                               20.20421186  *    0.0000000       0.0000000        1    49    47

                             CARTESIAN COORDINATES

   1    C        0.000000000     0.000000000     0.000000000
   2    C        1.534319476     0.000000000     0.000000000
   3    H        1.912125491     1.039382283     0.000000000
   4    H        1.913273646    -0.460604681    -0.931132949
   5    H       -0.377550157    -1.039538539     0.003402384
   6    H       -0.377996991     0.463015337     0.930516990
   7    C       -2.082008137     0.736085138    -1.223445126
   8    C       -0.547450308     0.752934164    -1.219543732
   9    H       -0.179769253     1.795725421    -1.217245753
  10    H       -0.161993476     0.297209970    -2.150477784
  11    H       -2.448102988    -0.307478611    -1.222578780
  12    H       -2.467643875     1.193769765    -0.293551928
  13    C       -4.168162403     1.452887312    -2.454715919
  14    C       -2.633874066     1.484072943    -2.444369284
  15    H       -2.276937905     2.530760041    -2.441636020
  16    H       -2.240604545     1.032093645    -3.373945399
  17    H       -4.525341427     0.406404094    -2.456121216
  18    H       -4.562806123     1.907464278    -1.527260068
  19    C       -6.250505867     2.157215768    -3.700863603
  20    C       -4.716807850     2.197068651    -3.679750013
  21    H       -4.365625374     3.245648695    -3.672137412
  22    H       -4.314247135     1.748074366    -4.606681391
  23    H       -6.601740377     1.108695965    -3.707139224
  24    H       -6.654125209     2.607134332    -2.774900909
  25    C       -8.327878668     2.854141070    -4.958081243
  26    C       -6.794583414     2.901364845    -4.927372319
  27    H       -6.448348568     3.951577923    -4.915468774
  28    H       -6.384218721     2.456559436    -5.852949325
  29    H       -8.673234503     1.803593148    -4.970155061
  30    H       -8.738787532     3.297883762    -4.032210106
  31    C      -10.404689544     3.543146536    -6.218001302
  32    C       -8.871678258     3.599593670    -6.183624289
  33    H       -8.531869427     4.651878436    -6.168093883
  34    H       -8.456176699     3.159973678    -7.109375678
  35    H      -10.744176826     2.490861713    -6.235757964
  36    H      -10.820605469     3.980701179    -5.291500922
  37    C      -12.481200300     4.233322620    -7.479399583
  38    C      -10.948465086     4.291068684    -7.442415360
  39    H      -10.609858220     5.343662826    -7.423990187
  40    H      -10.531196274     3.854292764    -8.368729723
  41    H      -12.820146255     3.180997112    -7.501222538
  42    H      -12.898386175     4.667403548    -6.551712271
  43    C      -14.558236809     4.949314697    -8.725279010
  44    C      -13.024548651     4.985539498    -8.701408177
  45    H      -12.671845938     6.033635814    -8.688202270
  46    H      -12.620637964     4.541244212    -9.629947372
  47    H      -14.912264896     3.901854751    -8.741730307
  48    H      -14.961045894     5.391541861    -7.795062871


           Empirical Formula: C16 H32  =    48 atoms



                  EIGENVALUES  
 -29.85881 -29.32565 -29.32407 -27.75808 -27.75699 -25.28766 -25.28162 -22.23053
 -22.23018 -20.62220 -20.19458 -20.19322 -19.51063 -19.50297 -19.24889 -19.24735
 -17.19587 -16.73374 -16.73275 -15.52471 -15.52380 -15.05024 -15.04708 -14.13668
 -14.13555 -13.99941 -13.99712 -13.70452 -13.70337 -12.93186 -12.92673 -12.61259
 -12.61225 -12.09773 -12.09625 -11.67904 -11.67786 -11.65789 -11.65454 -11.55895
 -11.52698 -11.52508 -11.18008 -11.17900 -11.03539 -11.03392 -11.01707 -10.59210
   3.74735   3.88687   3.88782   3.98296   4.26115   4.26163   4.26403   4.26461
   4.73226   4.73363   4.78174   4.78218   5.08434   5.08459   5.11128   5.11264
   5.28522   5.35553   5.35573   5.53702   5.53704   5.76031   5.76084   5.96337
   5.96348   6.12018   6.12033   6.23456   6.23473   6.30918   6.30929   6.33597
   6.65171   6.67220   6.68411   6.68436   6.69855   6.69882   6.71485   6.71495
   6.75223   6.75248   6.78668   6.78690   6.79159   6.79173   6.82044   6.82078


              NET ATOMIC CHARGES AND DIPOLE CONTRIBUTIONS

  ATOM NO.                 TYPE                        CHARGE      No. of ELECS.   s-Pop       p-Pop       
    1          C(HETATM    1  C   HET A   1)          -0.272497        4.2725     1.05994     3.21256
    2          C(HETATM    2  C   HET A   1)          -0.272733        4.2727     1.05997     3.21277
    3          H(HETATM    3  H   HET A   1)           0.136396        0.8636     0.86360
    4          H(HETATM    4  H   HET A   1)           0.136257        0.8637     0.86374
    5          H(HETATM    5  H   HET A   1)           0.136289        0.8637     0.86371
    6          H(HETATM    6  H   HET A   1)           0.136238        0.8638     0.86376
    7          C(HETATM    7  C   HET A   1)          -0.272511        4.2725     1.06002     3.21249
    8          C(HETATM    8  C   HET A   1)          -0.272676        4.2727     1.05996     3.21272
    9          H(HETATM    9  H   HET A   1)           0.136290        0.8637     0.86371
   10          H(HETATM   10  H   HET A   1)           0.136352        0.8636     0.86365
   11          H(HETATM   11  H   HET A   1)           0.136304        0.8637     0.86370
   12          H(HETATM   12  H   HET A   1)           0.136232        0.8638     0.86377
   13          C(HETATM   13  C   HET A   1)          -0.272634        4.2726     1.06008     3.21255
   14          C(HETATM   14  C   HET A   1)          -0.272649        4.2726     1.06004     3.21261
   15          H(HETATM   15  H   HET A   1)           0.136302        0.8637     0.86370
   16          H(HETATM   16  H   HET A   1)           0.136301        0.8637     0.86370
   17          H(HETATM   17  H   HET A   1)           0.136336        0.8637     0.86366
   18          H(HETATM   18  H   HET A   1)           0.136299        0.8637     0.86370
   19          C(HETATM   19  C   HET A   1)          -0.272652        4.2727     1.05996     3.21269
   20          C(HETATM   20  C   HET A   1)          -0.272520        4.2725     1.06008     3.21244
   21          H(HETATM   21  H   HET A   1)           0.136236        0.8638     0.86376
   22          H(HETATM   22  H   HET A   1)           0.136276        0.8637     0.86372
   23          H(HETATM   23  H   HET A   1)           0.136332        0.8637     0.86367
   24          H(HETATM   24  H   HET A   1)           0.136334        0.8637     0.86367
   25          C(HETATM   25  C   HET A   1)          -0.272848        4.2728     1.05993     3.21292
   26          C(HETATM   26  C   HET A   1)          -0.272525        4.2725     1.05996     3.21256
   27          H(HETATM   27  H   HET A   1)           0.136268        0.8637     0.86373
   28          H(HETATM   28  H   HET A   1)           0.136323        0.8637     0.86368
   29          H(HETATM   29  H   HET A   1)           0.136368        0.8636     0.86363
   30          H(HETATM   30  H   HET A   1)           0.136340        0.8637     0.86366
   31          C(HETATM   31  C   HET A   1)          -0.272528        4.2725     1.05999     3.21254
   32          C(HETATM   32  C   HET A   1)          -0.272554        4.2726     1.05995     3.21260
   33          H(HETATM   33  H   HET A   1)           0.136306        0.8637     0.86369
   34          H(HETATM   34  H   HET A   1)           0.136324        0.8637     0.86368
   35          H(HETATM   35  H   HET A   1)           0.136282        0.8637     0.86372
   36          H(HETATM   36  H   HET A   1)           0.136300        0.8637     0.86370
   37          C(HETATM   37  C   HET A   1)          -0.272581        4.2726     1.05995     3.21263
   38          C(HETATM   38  C   HET A   1)          -0.272612        4.2726     1.05996     3.21265
   39          H(HETATM   39  H   HET A   1)           0.136311        0.8637     0.86369
   40          H(HETATM   40  H   HET A   1)           0.136282        0.8637     0.86372
   41          H(HETATM   41  H   HET A   1)           0.136241        0.8638     0.86376
   42          H(HETATM   42  H   HET A   1)           0.136352        0.8636     0.86365
   43          C(HETATM   43  C   HET A   1)          -0.272534        4.2725     1.05998     3.21255
   44          C(HETATM   44  C   HET A   1)          -0.272645        4.2726     1.05997     3.21268
   45          H(HETATM   45  H   HET A   1)           0.136347        0.8637     0.86365
   46          H(HETATM   46  H   HET A   1)           0.136287        0.8637     0.86371
   47          H(HETATM   47  H   HET A   1)           0.136254        0.8637     0.86375
   48          H(HETATM   48  H   HET A   1)           0.136338        0.8637     0.86366

          NET CHARGE ON RESIDUES

      Residue         Charge  Anion or
                              Cation?
      HET A   1       +0.000
 




          ATOMIC ORBITAL ELECTRON POPULATIONS

                   Atom                  s        px        py        pz   
   C(HETATM    1  C   HET A   1)   1.05994   1.01070   1.12880   1.07306
   C(HETATM    2  C   HET A   1)   1.05997   1.01098   1.12856   1.07323
   H(HETATM    3  H   HET A   1)   0.86360
   H(HETATM    4  H   HET A   1)   0.86374
   H(HETATM    5  H   HET A   1)   0.86371
   H(HETATM    6  H   HET A   1)   0.86376
   C(HETATM    7  C   HET A   1)   1.06002   1.01041   1.12911   1.07298
   C(HETATM    8  C   HET A   1)   1.05996   1.01069   1.12873   1.07329
   H(HETATM    9  H   HET A   1)   0.86371
   H(HETATM   10  H   HET A   1)   0.86365
   H(HETATM   11  H   HET A   1)   0.86370
   H(HETATM   12  H   HET A   1)   0.86377
   C(HETATM   13  C   HET A   1)   1.06008   1.01064   1.12941   1.07251
   C(HETATM   14  C   HET A   1)   1.06004   1.01048   1.12902   1.07310
   H(HETATM   15  H   HET A   1)   0.86370
   H(HETATM   16  H   HET A   1)   0.86370
   H(HETATM   17  H   HET A   1)   0.86366
   H(HETATM   18  H   HET A   1)   0.86370
   C(HETATM   19  C   HET A   1)   1.05996   1.01099   1.12932   1.07239
   C(HETATM   20  C   HET A   1)   1.06008   1.01076   1.12917   1.07251
   H(HETATM   21  H   HET A   1)   0.86376
   H(HETATM   22  H   HET A   1)   0.86372
   H(HETATM   23  H   HET A   1)   0.86367
   H(HETATM   24  H   HET A   1)   0.86367
   C(HETATM   25  C   HET A   1)   1.05993   1.01118   1.12914   1.07261
   C(HETATM   26  C   HET A   1)   1.05996   1.01105   1.12913   1.07238
   H(HETATM   27  H   HET A   1)   0.86373
   H(HETATM   28  H   HET A   1)   0.86368
   H(HETATM   29  H   HET A   1)   0.86363
   H(HETATM   30  H   HET A   1)   0.86366
   C(HETATM   31  C   HET A   1)   1.05999   1.01110   1.12868   1.07276
   C(HETATM   32  C   HET A   1)   1.05995   1.01113   1.12890   1.07257
   H(HETATM   33  H   HET A   1)   0.86369
   H(HETATM   34  H   HET A   1)   0.86368
   H(HETATM   35  H   HET A   1)   0.86372
   H(HETATM   36  H   HET A   1)   0.86370
   C(HETATM   37  C   HET A   1)   1.05995   1.01121   1.12826   1.07316
   C(HETATM   38  C   HET A   1)   1.05996   1.01119   1.12868   1.07278
   H(HETATM   39  H   HET A   1)   0.86369
   H(HETATM   40  H   HET A   1)   0.86372
   H(HETATM   41  H   HET A   1)   0.86376
   H(HETATM   42  H   HET A   1)   0.86365
   C(HETATM   43  C   HET A   1)   1.05998   1.01104   1.12805   1.07346
   C(HETATM   44  C   HET A   1)   1.05997   1.01105   1.12860   1.07303
   H(HETATM   45  H   HET A   1)   0.86365
   H(HETATM   46  H   HET A   1)   0.86371
   H(HETATM   47  H   HET A   1)   0.86375
   H(HETATM   48  H   HET A   1)   0.86366

 **********************
 *                    *
 * JOB ENDED NORMALLY *
 *                    *
 **********************



 TOTAL JOB TIME:            14.26 SECONDS

 == MOPAC DONE ==
