 *******************************************************************************
 ** Site#: 29054        For non-commercial use only    Version 18.038W 64BITS **
 *******************************************************************************
 ** Cite this program as: MOPAC2016, Version: 18.038W, James J. P. Stewart,   **
 ** Stewart Computational Chemistry, web: HTTP://OpenMOPAC.net. Days left: 365**
 *******************************************************************************
 **                                                                           **
 **                                MOPAC2016                                  **
 **                                                                           **
 *******************************************************************************

                              PM7 CALCULATION RESULTS


 *******************************************************************************
 *  CALCULATION DONE:                                Wed Feb 07 14:28:37 2018  *
 *  MERS=N     - NUMBER OF FUNDAMENTAL UNIT CELLS USED:  8
 *  AUTOSYM    - SYMMETRY TO BE IMPOSED AUTOMATICALLY
 *  T=         - A TIME OF 172800.0 SECONDS REQUESTED
 *  DUMP=N     - RESTART FILE WRITTEN EVERY  7200.000 SECONDS
 *******************************************************************************
   MERS=(8) autosym
 Polyethylene

  ATOM    CHEMICAL      BOND LENGTH      BOND ANGLE     TWIST ANGLE 
 NUMBER    SYMBOL       (ANGSTROMS)      (DEGREES)       (DEGREES) 
   (I)                     NA:I           NB:NA:I       NC:NB:NA:I       NA    NB    NC 
     1       C          0.00000000       0.0000000       0.0000000        0     0     0
     2      XX         20.12809400  *    0.0000000       0.0000000        1     0     0
     3       C          1.50000000  *  147.0000240  *    0.0000000        1     2     0
     4       H          1.10000000  *  107.1456321  *   58.6843167  *     3     1     2
     5       H          1.10000000  *  107.1456321  *  -58.6847714  *     3     1     2
     6       H          1.10000000  *   91.3325807  * -125.2570682  *     1     2     3
     7       H          1.10000000  *   91.3323785  *  125.2566835  *     1     2     3
     8       C          2.51601125  *    0.0001267  *  156.9611851  *     1     2     7
     9       C          1.49999956  *   33.0000083  * -125.2568757  *     8     1     6
    10       H          1.09999991  *  107.1456502  * -121.3154477  *     9     8     1
    11       H          1.09999999  *  107.1456316  *  121.3154637  *     9     8     1
    12       H          1.09999999  *   88.6675058  *    0.0000000  *     8     1     6
    13       H          1.10000000  *   88.6674983  *  109.4862425  *     8     1     6
    14       C          2.51601163  *  179.9999884  *    0.0000000  *     8     1     6
    15       C          1.50000000  *  147.0000026  * -125.2568757  *     8     1     6
    16       H          1.09999988  *  109.4999927  *  -60.0000277  *    15     8     1
    17       H          1.10000000  *  109.5000297  *   59.9999958  *    15     8     1
    18       H          1.10000000  *   88.6675172  *    0.0000000  *    14     8    12
    19       H          1.10000000  *   88.6674907  *  109.4862382  *    14     8    12
    20       C          2.51601115  *  179.9999837  *    0.0000000  *    14     8    12
    21       C          1.49999961  *   33.0000128  * -125.2568396  *    20    14    18
    22       H          1.10000028  *  107.1456263  * -121.3153955  *    21    20    14
    23       H          1.10000000  *  107.1456319  *  121.3155165  *    21    20    14
    24       H          1.10000000  *   88.6675259  *    0.0000000  *    20    14    18
    25       H          1.10000000  *   88.6674721  *  109.4862341  *    20    14    18
    26       C          2.51601159  *  179.9999637  *  120.5669956  *    20    14    18
    27       C          1.50000000  *  147.0000045  * -125.2568750  *    20    14    18
    28       H          1.10000046  *  109.4999572  *  -60.0000473  *    27    20    14
    29       H          1.10000000  *  109.5000877  *   60.0000079  *    27    20    14
    30       H          1.10000000  *   88.6675472  *    0.0000000  *    26    20    24
    31       H          1.09999999  *   88.6674575  *  109.4862298  *    26    20    24
    32       C          2.51601113  *  179.9999454  *  142.7258170  *    26    20    24
    33       C          1.49999962  *   33.0000134  * -125.2567719  *    32    26    30
    34       H          1.10000105  *  107.1455819  * -121.3153056  *    33    32    26
    35       H          1.10000000  *  107.1456317  *  121.3156075  *    33    32    26
    36       H          1.10000000  *   88.6675659  *    0.0000000  *    32    26    30
    37       H          1.10000000  *   88.6674314  *  109.4862256  *    32    26    30
    38       C          2.51601158  *  179.9999163  *  134.1411569  *    32    26    30
    39       C          1.50000001  *  147.0000048  * -125.2568756  *    32    26    30
    40       H          1.10000143  *  109.4999001  *  -60.0000681  *    39    32    26
    41       H          1.10000000  *  109.5001761  *   60.0000352  *    39    32    26
    42       H          1.10000000  *   88.6675969  *    0.0000000  *    38    32    36
    43       H          1.10000000  *   88.6674079  *  109.4862193  *    38    32    36
    44       C          2.51601113  *  179.9998845  *  143.6239231  *    38    32    36
    45       C          1.49999962  *   33.0000138  * -125.2566689  *    44    38    42
    46       H          1.10000225  *  107.1455149  * -121.3151676  *    45    44    38
    47       H          1.10000000  *  107.1456317  *  121.3157437  *    45    44    38
    48       H          1.10000000  *   88.6676271  *    0.0000000  *    44    38    42
    49       H          1.10000000  *   88.6673701  *  109.4862122  *    44    38    42
    50      Tv          0.00000000       0.0000000       0.0000000        2     1     3
 

                   THE SYSTEM IS A POLYMER


                UNIT CELL TRANSLATION VECTORS

              X                Y              Z
    T1 =    20.1280940      0.0000000      0.0000000


          CARTESIAN COORDINATES 

    NO.       ATOM           X           Y           Z

     1         C          0.0000      0.0000      0.0000
     2         C         -1.2580      0.8170      0.0000
     3         H         -1.2324      1.4518     -0.8980
     4         H         -1.2324      1.4518      0.8980
     5         H         -0.0256     -0.6348      0.8980
     6         H         -0.0256     -0.6348     -0.8980
     7         C          2.5160      0.0000      0.0000
     8         C          1.2580      0.8170      0.0000
     9         H          1.2836      1.4518     -0.8980
    10         H          1.2836      1.4518      0.8980
    11         H          2.4904     -0.6348      0.8980
    12         H          2.4904     -0.6348     -0.8980
    13         C          5.0320      0.0000      0.0000
    14         C          3.7740      0.8170      0.0000
    15         H          3.7996      1.4518     -0.8980
    16         H          3.7996      1.4518      0.8980
    17         H          5.0064     -0.6348      0.8980
    18         H          5.0064     -0.6348     -0.8980
    19         C          7.5480      0.0000      0.0000
    20         C          6.2900      0.8170      0.0000
    21         H          6.3156      1.4518     -0.8980
    22         H          6.3156      1.4518      0.8980
    23         H          7.5225     -0.6348      0.8980
    24         H          7.5225     -0.6348     -0.8980
    25         C         10.0640      0.0000      0.0000
    26         C          8.8060      0.8170      0.0000
    27         H          8.8316      1.4518     -0.8980
    28         H          8.8316      1.4518      0.8980
    29         H         10.0385     -0.6348      0.8980
    30         H         10.0385     -0.6348     -0.8980
    31         C         12.5801      0.0000      0.0000
    32         C         11.3221      0.8170      0.0000
    33         H         11.3476      1.4518     -0.8980
    34         H         11.3476      1.4518      0.8980
    35         H         12.5545     -0.6348      0.8980
    36         H         12.5545     -0.6348     -0.8980
    37         C         15.0961      0.0000      0.0000
    38         C         13.8381      0.8170      0.0000
    39         H         13.8636      1.4518     -0.8980
    40         H         13.8636      1.4518      0.8980
    41         H         15.0705     -0.6348      0.8980
    42         H         15.0705     -0.6348     -0.8980
    43         C         17.6121      0.0000      0.0000
    44         C         16.3541      0.8170      0.0000
    45         H         16.3797      1.4518     -0.8980
    46         H         16.3797      1.4518      0.8980
    47         H         17.5865     -0.6348      0.8980
    48         H         17.5865     -0.6348     -0.8980

 General Reference for PM7:
 "Optimization of Parameters for Semiempirical Methods VI: More Modifications to the 
 NDDO Approximations and Re-optimization of Parameters", J. J. P. Stewart, J. Mol. Mod., 1:32, 19 (2013)
 http://www.springerlink.com/openurl.asp?genre=article&id=doi:10.1007/s00894-012-1667-x

           Empirical Formula: C16 H32  =    48 atoms



      RHF CALCULATION, NO. OF DOUBLY OCCUPIED LEVELS = 48


          Geometry optimization using EF

          DIAGONAL MATRIX USED AS START HESSIAN

 CYCLE:     1 TIME:   0.125 TIME LEFT:  2.00D  GRAD.:   660.678 HEAT: -60.58842
 CYCLE:     2 TIME:   0.141 TIME LEFT:  2.00D  GRAD.:   834.660 HEAT: -73.76882
 CYCLE:     3 TIME:   0.141 TIME LEFT:  2.00D  GRAD.:   616.434 HEAT: -75.89331
 CYCLE:     4 TIME:   0.031 TIME LEFT:  2.00D  GRAD.:   201.034 HEAT: -77.66471
 CYCLE:     5 TIME:   0.047 TIME LEFT:  2.00D  GRAD.:   450.321 HEAT: -78.25910
 CYCLE:     6 TIME:   0.031 TIME LEFT:  2.00D  GRAD.:    88.318 HEAT: -79.85300
 CYCLE:     7 TIME:   0.031 TIME LEFT:  2.00D  GRAD.:   101.828 HEAT: -79.99632
 CYCLE:     8 TIME:   0.047 TIME LEFT:  2.00D  GRAD.:    71.826 HEAT: -80.36622
 CYCLE:     9 TIME:   0.062 TIME LEFT:  2.00D  GRAD.:    37.933 HEAT: -80.49078
 CYCLE:    10 TIME:   0.078 TIME LEFT:  2.00D  GRAD.:    47.465 HEAT: -80.51682
 CYCLE:    11 TIME:   0.031 TIME LEFT:  2.00D  GRAD.:    50.897 HEAT: -80.56191
 CYCLE:    12 TIME:   0.027 TIME LEFT:  2.00D  GRAD.:    24.078 HEAT: -80.61076
 CYCLE:    13 TIME:   0.066 TIME LEFT:  2.00D  GRAD.:    12.233 HEAT: -80.63431
 CYCLE:    14 TIME:   0.059 TIME LEFT:  2.00D  GRAD.:    20.026 HEAT: -80.64753
 CYCLE:    15 TIME:   0.051 TIME LEFT:  2.00D  GRAD.:    31.072 HEAT: -80.64924
 CYCLE:    16 TIME:   0.027 TIME LEFT:  2.00D  GRAD.:    10.082 HEAT: -80.67313
 CYCLE:    17 TIME:   0.047 TIME LEFT:  2.00D  GRAD.:     5.995 HEAT: -80.68005
 CYCLE:    18 TIME:   0.031 TIME LEFT:  2.00D  GRAD.:     4.797 HEAT: -80.68022
 CYCLE:    19 TIME:   0.031 TIME LEFT:  2.00D  GRAD.:     5.160 HEAT: -80.68281
 CYCLE:    20 TIME:   0.035 TIME LEFT:  2.00D  GRAD.:     6.087 HEAT: -80.68630
 CYCLE:    21 TIME:   0.027 TIME LEFT:  2.00D  GRAD.:     7.362 HEAT: -80.68954
 CYCLE:    22 TIME:   0.031 TIME LEFT:  2.00D  GRAD.:    23.336 HEAT: -80.70591
 CYCLE:    23 TIME:   0.031 TIME LEFT:  2.00D  GRAD.:    11.318 HEAT: -80.71611
 CYCLE:    24 TIME:   0.031 TIME LEFT:  2.00D  GRAD.:     6.362 HEAT: -80.80425
 CYCLE:    25 TIME:   0.031 TIME LEFT:  2.00D  GRAD.:     3.575 HEAT: -80.83436
 CYCLE:    26 TIME:   0.031 TIME LEFT:  2.00D  GRAD.:     4.485 HEAT: -80.83383
 CYCLE:    27 TIME:   0.031 TIME LEFT:  2.00D  GRAD.:     2.262 HEAT: -80.83535
 CYCLE:    28 TIME:   0.031 TIME LEFT:  2.00D  GRAD.:     1.542 HEAT: -80.83575
 CYCLE:    29 TIME:   0.031 TIME LEFT:  2.00D  GRAD.:     0.826 HEAT: -80.83595

     GRADIENT =  0.82605  IS LESS THAN CUTOFF =  1.00000



 -------------------------------------------------------------------------------
 MERS=(8) autosym
 Polyethylene



     GEOMETRY OPTIMISED USING EIGENVECTOR FOLLOWING (EF).     
     SCF FIELD WAS ACHIEVED                                   


                              PM7 CALCULATION
                                                       MOPAC2016 (Version: 18.038W)
                                                       Wed Feb 07 14:28:39 2018
                                                       No. of days remaining = 365




          FINAL HEAT OF FORMATION =        -80.83596 KCAL/MOL =    -338.21767 KJ/MOL


          TOTAL ENERGY            =      -2399.44806 EV
          ELECTRONIC ENERGY       =     -31851.36815 EV
          CORE-CORE REPULSION     =      29451.92010 EV

          GRADIENT NORM           =          0.82605
          IONIZATION POTENTIAL    =         10.593862 EV
          HOMO LUMO ENERGIES (EV) =        -10.594  3.748
          NO. OF FILLED LEVELS    =         48
          MOLECULAR WEIGHT        =        224.4288


          SCF CALCULATIONS        =         40
 
          WALL-CLOCK TIME         =          1.449 SECONDS
          COMPUTATION TIME        =          5.710 SECONDS




  ATOM    CHEMICAL      BOND LENGTH      BOND ANGLE     TWIST ANGLE 
 NUMBER    SYMBOL       (ANGSTROMS)      (DEGREES)       (DEGREES) 
   (I)                     NA:I           NB:NA:I       NC:NB:NA:I       NA    NB    NC 
     1       C          0.00000000       0.0000000       0.0000000        0     0     0
     2      XX         20.20778781  *    0.0000000       0.0000000        1     0     0
     3       C          1.53446497  *  145.3910085  *    0.0000000        1     2     0
     4       H          1.10586493  *  109.9974308  *   58.1048780  *     3     1     2
     5       H          1.10586493     109.9974308     -58.1048780        3     1     2
     6       H          1.10586493      89.9991669  * -127.0399895  *     1     2     3
     7       H          1.10586493      89.9991669     127.0399895        1     2     3
     8       C          2.52596293  *    0.0016149  *  -23.0715877  *     1     2     7
     9       C          1.53446497      34.6039120  * -127.0399895        8     1     6
    10       H          1.10586493     109.9974308    -121.8478487  *     9     8     1
    11       H          1.10586493     109.9974308     121.8478487        9     8     1
    12       H          1.10586493      89.9973130  *    0.0034932  *     8     1     6
    13       H          1.10586493      89.9973130     105.9332416  *     8     1     6
    14       C          2.52596293     179.9979105  * -179.9965068        8     1     6
    15       C          1.53446497     145.3910085    -127.0399895        8     1     6
    16       H          1.10586493     110.0013476  *  -58.1714176  *    15     8     1
    17       H          1.10586493     110.0013476      58.1714176       15     8     1
    18       H          1.10586493      89.9973130       0.0034932       14     8    12
    19       H          1.10586493      89.9973130     105.9332416       14     8    12
    20       C          2.52596293     179.9979105    -179.9965068       14     8    12
    21       C          1.53446497      34.6039120    -127.0399895       20    14    18
    22       H          1.10586493     109.9974308    -121.8478487       21    20    14
    23       H          1.10586493     109.9974308     121.8478487       21    20    14
    24       H          1.10586493      89.9973130       0.0034932       20    14    18
    25       H          1.10586493      89.9973130     105.9332416       20    14    18
    26       C          2.52596293     179.9979105     -59.6718305  *    20    14    18
    27       C          1.53446497     145.3910085    -127.0399895       20    14    18
    28       H          1.10586493     110.0013476     -58.1714176       27    20    14
    29       H          1.10586493     110.0013476      58.1714176       27    20    14
    30       H          1.10586493      89.9973130       0.0034932       26    20    24
    31       H          1.10586493      89.9973130     105.9332416       26    20    24
    32       C          2.52596293     179.9979105     -37.5118880  *    26    20    24
    33       C          1.53446497      34.6039120    -127.0399895       32    26    30
    34       H          1.10586493     109.9974308    -121.8478487       33    32    26
    35       H          1.10586493     109.9974308     121.8478487       33    32    26
    36       H          1.10586493      89.9973130       0.0034932       32    26    30
    37       H          1.10586493      89.9973130     105.9332416       32    26    30
    38       C          2.52596293     179.9979105     -46.0146949  *    32    26    30
    39       C          1.53446497     145.3910085    -127.0399895       32    26    30
    40       H          1.10586493     110.0013476     -58.1714176       39    32    26
    41       H          1.10586493     110.0013476      58.1714176       39    32    26
    42       H          1.10586493      89.9973130       0.0034932       38    32    36
    43       H          1.10586493      89.9973130     105.9332416       38    32    36
    44       C          2.52596293     179.9979105     -36.5010212  *    38    32    36
    45       C          1.53446497      34.6039120    -127.0399895       44    38    42
    46       H          1.10586493     109.9974308    -121.8478487       45    44    38
    47       H          1.10586493     109.9974308     121.8478487       45    44    38
    48       H          1.10586493      89.9973130       0.0034932       44    38    42
    49       H          1.10586493      89.9973130     105.9332416       44    38    42
    50      Tv          0.00000000       0.0000000       0.0000000        2     1     3

                             CARTESIAN COORDINATES

   1    C        0.000000000     0.000000000     0.000000000
   2    C       -1.262937164     0.871534538     0.000000000
   3    H       -1.262339938     1.538244202    -0.882289703
   4    H       -1.262339938     1.538244202     0.882289703
   5    H        0.000016080    -0.666142385     0.882718287
   6    H        0.000016080    -0.666142385    -0.882718287
   7    C        2.525962930    -0.000017186    -0.000069090
   8    C        1.262954434     0.871413977    -0.000034544
   9    H        1.263059429     1.537524358    -0.882776976
  10    H        1.263107718     1.537524358     0.882707881
  11    H        2.525930679    -0.666213386     0.882608582
  12    H        2.525882390    -0.665955870    -0.882941060
  13    C        5.051925856     0.000021122    -0.000211707
  14    C        3.788906023     0.871508760    -0.000103634
  15    H        3.788937567     1.537403922    -0.883008433
  16    H        3.788985865     1.537403922     0.882801161
  17    H        5.051933933    -0.666228892     0.882425348
  18    H        5.051834244    -0.665863735    -0.883124273
  19    C        7.577888776     0.000114928    -0.000427847
  20    C        6.314842004     0.871490587    -0.000213515
  21    H        6.314866343     1.537708604    -0.882874721
  22    H        6.315017419     1.537493332     0.882610117
  23    H        7.577937181    -0.666188897     0.882168585
  24    H        7.577786090    -0.665716101    -0.883381006
  25    C       10.103851700     0.000244172    -0.000558958
  26    C        8.840793578     0.871696361    -0.000429640
  27    H        8.840744466     1.537699176    -0.883253235
  28    H        8.840895570     1.537483864     0.882556340
  29    H       10.103879743    -0.666113462     0.881996850
  30    H       10.103788072    -0.665533025    -0.883552713
  31    C       12.629814627     0.000374157    -0.000597954
  32    C       11.366755364     0.871731706    -0.000365940
  33    H       11.366832057     1.538057348    -0.882945900
  34    H       11.366859335     1.537626798     0.882538905
  35    H       12.629810684    -0.666037284     0.881917226
  36    H       12.629783392    -0.665349203    -0.883632301
  37    C       15.155777553     0.000518490    -0.000545957
  38    C       13.892706944     0.871973659    -0.000404909
  39    H       13.892710201     1.538084117    -0.883147289
  40    H       13.892737484     1.537653489     0.882662254
  41    H       15.155745608    -0.665946755     0.881928591
  42    H       15.155781907    -0.665151032    -0.883620891
  43    C       17.681740476     0.000661929    -0.000401846
  44    C       16.418676553     0.872012718    -0.000155133
  45    H       16.418813664     1.538445975    -0.882653828
  46    H       16.418712977     1.537800147     0.882830908
  47    H       17.681676119    -0.665857119     0.882032065
  48    H       17.681776795    -0.664953752    -0.883517363


           Empirical Formula: C16 H32  =    48 atoms



                  EIGENVALUES  
 -29.85633 -29.32275 -29.32251 -27.75612 -27.75581 -25.28405 -25.28396 -22.23079
 -22.23066 -20.62089 -20.19317 -20.19250 -19.50784 -19.50749 -19.24803 -19.24761
 -17.19469 -16.73255 -16.73186 -15.52348 -15.52336 -15.04858 -15.04816 -14.13539
 -14.13477 -13.99874 -13.99829 -13.70495 -13.70467 -12.92900 -12.92849 -12.61256
 -12.61235 -12.09645 -12.09610 -11.67709 -11.67676 -11.65620 -11.65570 -11.55751
 -11.52798 -11.52743 -11.17920 -11.17903 -11.03412 -11.03338 -11.01614 -10.59386
   3.74766   3.88756   3.88789   3.98195   4.26194   4.26205   4.26326   4.26341
   4.73334   4.73349   4.78136   4.78142   5.08443   5.08490   5.11167   5.11182
   5.28566   5.35588   5.35619   5.53733   5.53741   5.76068   5.76100   5.96349
   5.96375   6.12026   6.12054   6.23473   6.23480   6.30922   6.30944   6.33606
   6.65207   6.67261   6.68447   6.68480   6.69897   6.69911   6.71524   6.71530
   6.75267   6.75281   6.78714   6.78722   6.79198   6.79220   6.82103   6.82108


              NET ATOMIC CHARGES AND DIPOLE CONTRIBUTIONS

  ATOM NO.   TYPE          CHARGE      No. of ELECS.   s-Pop       p-Pop       
    1          C          -0.272701        4.2727     1.05998     3.21272
    2          C          -0.272875        4.2729     1.05990     3.21297
    3          H           0.136343        0.8637     0.86366
    4          H           0.136356        0.8636     0.86364
    5          H           0.136376        0.8636     0.86362
    6          H           0.136373        0.8636     0.86363
    7          C          -0.272751        4.2728     1.06000     3.21275
    8          C          -0.272757        4.2728     1.05999     3.21276
    9          H           0.136367        0.8636     0.86363
   10          H           0.136369        0.8636     0.86363
   11          H           0.136378        0.8636     0.86362
   12          H           0.136364        0.8636     0.86364
   13          C          -0.272740        4.2727     1.06000     3.21274
   14          C          -0.272755        4.2728     1.06002     3.21274
   15          H           0.136378        0.8636     0.86362
   16          H           0.136385        0.8636     0.86362
   17          H           0.136374        0.8636     0.86363
   18          H           0.136369        0.8636     0.86363
   19          C          -0.272766        4.2728     1.06000     3.21276
   20          C          -0.272737        4.2727     1.05999     3.21274
   21          H           0.136372        0.8636     0.86363
   22          H           0.136378        0.8636     0.86362
   23          H           0.136375        0.8636     0.86363
   24          H           0.136366        0.8636     0.86363
   25          C          -0.272753        4.2728     1.06000     3.21275
   26          C          -0.272736        4.2727     1.06002     3.21272
   27          H           0.136377        0.8636     0.86362
   28          H           0.136375        0.8636     0.86362
   29          H           0.136376        0.8636     0.86362
   30          H           0.136371        0.8636     0.86363
   31          C          -0.272770        4.2728     1.06000     3.21277
   32          C          -0.272734        4.2727     1.05999     3.21274
   33          H           0.136370        0.8636     0.86363
   34          H           0.136376        0.8636     0.86362
   35          H           0.136374        0.8636     0.86363
   36          H           0.136369        0.8636     0.86363
   37          C          -0.272735        4.2727     1.06000     3.21273
   38          C          -0.272740        4.2727     1.06002     3.21272
   39          H           0.136375        0.8636     0.86362
   40          H           0.136378        0.8636     0.86362
   41          H           0.136375        0.8636     0.86363
   42          H           0.136369        0.8636     0.86363
   43          C          -0.272655        4.2727     1.05994     3.21272
   44          C          -0.272721        4.2727     1.05999     3.21273
   45          H           0.136368        0.8636     0.86363
   46          H           0.136377        0.8636     0.86362
   47          H           0.136385        0.8636     0.86362
   48          H           0.136386        0.8636     0.86361


          ATOMIC ORBITAL ELECTRON POPULATIONS

     Atom    s        px        py        pz   
    1  C   1.05998   0.98555   1.06392   1.16325
    2  C   1.05990   0.98563   1.06382   1.16352
    3  H   0.86366
    4  H   0.86364
    5  H   0.86362
    6  H   0.86363
    7  C   1.06000   0.98558   1.06393   1.16324
    8  C   1.05999   0.98559   1.06394   1.16324
    9  H   0.86363
   10  H   0.86363
   11  H   0.86362
   12  H   0.86364
   13  C   1.06000   0.98558   1.06393   1.16323
   14  C   1.06002   0.98558   1.06397   1.16319
   15  H   0.86362
   16  H   0.86362
   17  H   0.86363
   18  H   0.86363
   19  C   1.06000   0.98559   1.06394   1.16324
   20  C   1.05999   0.98557   1.06393   1.16325
   21  H   0.86363
   22  H   0.86362
   23  H   0.86363
   24  H   0.86363
   25  C   1.06000   0.98558   1.06393   1.16324
   26  C   1.06002   0.98557   1.06396   1.16318
   27  H   0.86362
   28  H   0.86362
   29  H   0.86362
   30  H   0.86363
   31  C   1.06000   0.98559   1.06394   1.16324
   32  C   1.05999   0.98557   1.06393   1.16324
   33  H   0.86363
   34  H   0.86362
   35  H   0.86363
   36  H   0.86363
   37  C   1.06000   0.98557   1.06392   1.16323
   38  C   1.06002   0.98558   1.06396   1.16318
   39  H   0.86362
   40  H   0.86362
   41  H   0.86363
   42  H   0.86363
   43  C   1.05994   0.98550   1.06398   1.16324
   44  C   1.05999   0.98556   1.06393   1.16324
   45  H   0.86363
   46  H   0.86362
   47  H   0.86362
   48  H   0.86361

 **********************
 *                    *
 * JOB ENDED NORMALLY *
 *                    *
 **********************



 TOTAL JOB TIME:             1.45 SECONDS

 == MOPAC DONE ==
