 *******************************************************************************
 ** Site#: 10000           For non-commercial use only        Version 11.057W **
 *******************************************************************************
 ** Cite this work as: MOPAC2009, James J. P. Stewart, Stewart Computational  **
 ** Chemistry, Version 11.057W web: HTTP://OpenMOPAC.net  Days remaining: 363 **
 *******************************************************************************
 **                                                                           **
 **                                MOPAC2009                                  **
 **                                                                           **
 *******************************************************************************

                            PM7 CALCULATION RESULTS


 *******************************************************************************
 *  CALCULATION DONE:                                Mon Feb 28 12:02:54 2011  *
 *  MERS=N   - NUMBER OF FUNDAMENTAL UNIT CELLS USED: 12
 *  0SCF     - AFTER READING AND PRINTING DATA, STOP
 *  INT      - INTERNAL COORDINATE SYSTEM TO BE USED
 *  T=       - A TIME OF 172800.0 SECONDS REQUESTED
 *  DUMP=N   - RESTART FILE WRITTEN EVERY  7200.000 SECONDS
 *  GNORM=   - EXIT WHEN GRADIENT NORM DROPS BELOW 4.00    
 *  PL       - MONITOR CONVERGENCE IN DENSITY MATRIX
 *******************************************************************************
 MERS=(2,2,3) PL GNORM=4 0scf int
 Zinc fluoride (ZnF2)

  ATOM    CHEMICAL      BOND LENGTH      BOND ANGLE     TWIST ANGLE 
 NUMBER    SYMBOL       (ANGSTROMS)      (DEGREES)       (DEGREES) 
   (I)                     NA:I           NB:NA:I       NC:NB:NA:I       NA    NB    NC 
     1      Zn          0.00000000       0.0000000       0.0000000   
     2      Br          9.40679945  *    0.0000000       0.0000000        1     0     0
     3      Br          9.40679945  *   90.0000024  *    0.0000000        1     2     0
     4      Br          9.40049955  *   90.0000031  *  -90.0000024  *     1     2     3
     5      Zn          3.67636890  *  129.7679617  *  146.3276457  *     1     2     3
     6       F          2.04249100  *  104.6831812  *  113.0821392  *     5     1     2
     7       F          2.04249097  *   63.0220803  *  120.5999108  *     1     2     3
     8       F          2.04249094  *  116.9779177  *   59.4000890  *     1     2     3
     9       F          2.01543789  *  134.9999979  * -179.9999918  *     1     2     3
    10      Zn          4.19257430  *   91.2463384  *    0.0000000  *     7     1     2
    11      Zn          2.01543800  *  129.9077838  *   52.5089750  *     7     1     2
    12       F          2.04249100  *   89.9999973  *   39.9077787  *    11     7     1
    13       F          2.04249097  *   91.2463384  *  180.0000000  *    10     7     1
    14       F          2.04249094  *   53.4831239  * -103.6605926  *    10     7     1
    15       F          2.01543789  *   37.5086931  *   91.6242155  *    10     7     1
    16      Zn          4.19257433  *   91.2463382  *  -74.9820430  *     8     1     2
    17      Zn          2.01543800  *  129.9077827  * -127.4910176  *     8     1     2
    18       F          2.04249100  *   89.9999982  *  -39.9077788  *    17     8     1
    19       F          2.04249097  *   53.4831234  *  103.6605925  *    16     8     1
    20       F          2.04249094  *   91.2463382  *  180.0000000  *    16     8     1
    21       F          2.01543789  *   37.5086921  *  -91.6242133  *    16     8     1
    22      Zn          4.19257430  *   91.2463384  * -133.2723735  *    19    16     8
    23      Zn          2.01543800  *  129.9077827  *   80.7633983  *    14    10     7
    24       F          2.01543800  *   45.0000010  *    0.0000000  *     1     2     3
    25       F          2.04249097  *   91.2463384  *  180.0000000  *    22    19    16
    26       F          2.04249094  *   53.4831239  * -103.6605926  *    22    19    16
    27       F          2.01543789  *   37.5086931  *   91.6242155  *    22    19    16
    28      Zn          3.13349985  *   90.0000031  *  -90.0000024  *     1     2     3
    29      Zn          2.04249083  *  100.1844389  *    0.0000000  *     6     5     1
    30       F          2.04249100  *  100.1844389  *  180.0000000  *    29     6     5
    31       F          2.04249097  *   39.9077832  *  -45.0000020  *    28     1     2
    32       F          2.04249094  *   39.9077831  *  135.0000045  *    28     1     2
    33       F          2.01543789  *   90.0000097  * -134.9999979  *    28     1     2
    34      Zn          3.13349985  *  111.9437613  *   33.2847317  *    10     7     1
    35      Zn          2.01543800  *  129.9077838  *  179.9999913  *    31    28     1
    36       F          2.04249100  *   89.9999973  *   39.9077787  *    35    31    28
    37       F          2.04249097  *   39.9077832  *  121.2158554  *    34    10     7
    38       F          2.04249094  *   39.9077831  *  -58.7841382  *    34    10     7
    39       F          2.01543789  *   90.0000097  *   31.2158595  *    34    10     7
    40      Zn          3.13349985  *  111.9437617  *  -33.2847315  *    16     8     1
    41      Zn          2.01543800  *  129.9077827  * -179.9999913  *    32    28     1
    42       F          2.04249100  *   89.9999982  *  -39.9077788  *    41    32    28
    43       F          2.04249097  *   39.9077832  *   58.7841379  *    40    16     8
    44       F          2.04249094  *   39.9077831  * -121.2158556  *    40    16     8
    45       F          2.01543789  *   90.0000097  *  -31.2158580  *    40    16     8
    46      Zn          3.13349985  *  111.9437613  *   33.2847317  *    22    19    16
    47      Zn          2.01543800  *  129.9077827  * -179.9999913  *    38    34    10
    48       F          2.01543800  *   89.9999975  *   45.0000010  *    28     1     2
    49       F          2.04249097  *   39.9077832  *  121.2158554  *    46    22    19
    50       F          2.04249094  *   39.9077831  *  -58.7841382  *    46    22    19
    51       F          2.01543789  *   90.0000097  *   31.2158595  *    46    22    19
    52      Zn          3.13349985  *    0.0000000  *    0.0000000  *     4     1     2
    53      Zn          2.04249083  *  100.1844389  *  180.0000000  *    30    29     6
    54       F          2.04249100  *  100.1844389  *  180.0000000  *    53    30    29
    55       F          2.04249097  *  140.0922168  *  -89.9999967  *    52     4    54
    56       F          2.04249094  *  140.0922169  *   89.9999968  *    52     4    54
    57       F          2.01543789  *   89.9999903  *    0.0000000  *    52     4    54
    58      Zn          3.13349985  *  180.0000000  *    0.0000000  *    34    10     7
    59      Zn          2.01543800  *  129.9077838  *    0.0000000  *    55    52     4
    60       F          2.04249100  *   89.9999973  *   39.9077787  *    59    55    52
    61       F          2.04249097  *   39.9077832  * -161.5650551  *    58    34     3
    62       F          2.04249094  *   39.9077831  *   18.4349513  *    58    34     3
    63       F          2.01543789  *   90.0000097  *  108.4349490  *    58    34     3
    64      Zn          3.13349985  *  180.0000000  *    0.0000000  *    40    16     8
    65      Zn          2.01543800  *  129.9077827  *    0.0000000  *    56    52     4
    66       F          2.04249100  *   89.9999982  *  -39.9077788  *    65    56    52
    67       F          2.04249097  *   39.9077832  *  -18.4349513  *    64    40     2
    68       F          2.04249094  *   39.9077831  *  161.5650552  *    64    40     2
    69       F          2.01543789  *   90.0000097  * -108.4349472  *    64    40     2
    70      Zn          3.13349985  *  180.0000000  *    0.0000000  *    46    22    19
    71      Zn          2.01543800  *  129.9077827  * -179.9999914  *    62    58    34
    72       F          2.01543800  *   90.0000025  *    0.0000000  *    52     4    70
    73       F          2.04249097  *   39.9077832  *   89.9999968  *    70    46     1
    74       F          2.04249094  *   39.9077831  *  -89.9999967  *    70    46     1
    75       F          2.01543789  *   90.0000097  *    0.0000000  *    70    46     1
    76      Tv          0.00000000  *    0.0000000  *    0.0000000  *     2     1     3
    77      Tv          0.00000000  *    0.0000000  *    0.0000000  *     3     1     2
    78      Tv          0.00000000  *    0.0000000  *    0.0000000  *     4     1     2
 

              THE SYSTEM IS A  SOLID         


                UNIT CELL TRANSLATION VECTORS

              X              Y              Z
    T1 =   9.4067995      0.0000000      0.0000000
    T2 =  -0.0000004      9.4067995      0.0000000
    T3 =  -0.0000005     -0.0000004      9.4004995


          CARTESIAN COORDINATES 

    NO.       ATOM         X         Y         Z

     1        Zn        0.0000    0.0000    0.0000
     2        Br        9.4068    0.0000    0.0000
     3        Br        0.0000    9.4068    0.0000
     4        Br        0.0000    0.0000    9.4005
     5        Zn       -2.3517   -2.3517   -1.5667
     6         F       -3.2783   -3.2783    0.0000
     7         F        0.9266   -0.9266   -1.5667
     8         F       -0.9266    0.9266   -1.5667
     9         F       -1.4251   -1.4251    0.0000
    10        Zn        4.7034    0.0000    0.0000
    11        Zn        2.3517   -2.3517   -1.5667
    12         F        1.4251   -3.2783    0.0000
    13         F        5.6300   -0.9266   -1.5667
    14         F        3.7768    0.9266   -1.5667
    15         F        3.2783   -1.4251    0.0000
    16        Zn        0.0000    4.7034    0.0000
    17        Zn       -2.3517    2.3517   -1.5667
    18         F       -3.2783    1.4251    0.0000
    19         F        0.9266    3.7768   -1.5667
    20         F       -0.9266    5.6300   -1.5667
    21         F       -1.4251    3.2783    0.0000
    22        Zn        4.7034    4.7034    0.0000
    23        Zn        2.3517    2.3517   -1.5667
    24         F        1.4251    1.4251    0.0000
    25         F        5.6300    3.7768   -1.5667
    26         F        3.7768    5.6300   -1.5667
    27         F        3.2783    3.2783    0.0000
    28        Zn        0.0000    0.0000    3.1335
    29        Zn       -2.3517   -2.3517    1.5667
    30         F       -3.2783   -3.2783    3.1335
    31         F        0.9266   -0.9266    1.5667
    32         F       -0.9266    0.9266    1.5667
    33         F       -1.4251   -1.4251    3.1335
    34        Zn        4.7034    0.0000    3.1335
    35        Zn        2.3517   -2.3517    1.5667
    36         F        1.4251   -3.2783    3.1335
    37         F        5.6300   -0.9266    1.5667
    38         F        3.7768    0.9266    1.5667
    39         F        3.2783   -1.4251    3.1335
    40        Zn        0.0000    4.7034    3.1335
    41        Zn       -2.3517    2.3517    1.5667
    42         F       -3.2783    1.4251    3.1335
    43         F        0.9266    3.7768    1.5667
    44         F       -0.9266    5.6300    1.5667
    45         F       -1.4251    3.2783    3.1335
    46        Zn        4.7034    4.7034    3.1335
    47        Zn        2.3517    2.3517    1.5667
    48         F        1.4251    1.4251    3.1335
    49         F        5.6300    3.7768    1.5667
    50         F        3.7768    5.6300    1.5667
    51         F        3.2783    3.2783    3.1335
    52        Zn        0.0000    0.0000    6.2670
    53        Zn       -2.3517   -2.3517    4.7002
    54         F       -3.2783   -3.2783    6.2670
    55         F        0.9266   -0.9266    4.7002
    56         F       -0.9266    0.9266    4.7002
    57         F       -1.4251   -1.4251    6.2670
    58        Zn        4.7034    0.0000    6.2670
    59        Zn        2.3517   -2.3517    4.7002
    60         F        1.4251   -3.2783    6.2670
    61         F        5.6300   -0.9266    4.7002
    62         F        3.7768    0.9266    4.7002
    63         F        3.2783   -1.4251    6.2670
    64        Zn        0.0000    4.7034    6.2670
    65        Zn       -2.3517    2.3517    4.7002
    66         F       -3.2783    1.4251    6.2670
    67         F        0.9266    3.7768    4.7002
    68         F       -0.9266    5.6300    4.7002
    69         F       -1.4251    3.2783    6.2670
    70        Zn        4.7034    4.7034    6.2670
    71        Zn        2.3517    2.3517    4.7002
    72         F        1.4251    1.4251    6.2670
    73         F        5.6300    3.7768    4.7002
    74         F        3.7768    5.6300    4.7002
    75         F        3.2783    3.2783    6.2670

 xxxx        Under development
 xxxx        Under development
 xxxx        Under development

           Empirical Formula: Zn24 Br3 F48  =    75 atoms



          UHF CALCULATION, NO. OF ALPHA ELECTRONS =  203
                           NO. OF BETA  ELECTRONS =  202
 GEOMETRY IN MOPAC Z-MATRIX FORMAT
 MERS=(2,2,3) PL GNORM=4 0scf int
 Zinc fluoride (ZnF2)

 Zn     0.00000000 +0    0.0000000 +0    0.0000000 +0                         0.0000
 Br     9.40679945 +1    0.0000000 +0    0.0000000 +0     1     0     0       0.0000
 Br     9.40679945 +1   90.0000024 +1    0.0000000 +0     1     2     0       0.0000
 Br     9.40049955 +1   90.0000031 +1  -90.0000024 +1     1     2     3       0.0000
 Zn     3.67636890 +1  129.7679617 +1  146.3276457 +1     1     2     3       0.0000
  F     2.04249100 +1  104.6831812 +1  113.0821392 +1     5     1     2       0.0000
  F     2.04249097 +1   63.0220803 +1  120.5999108 +1     1     2     3       0.0000
  F     2.04249094 +1  116.9779177 +1   59.4000890 +1     1     2     3       0.0000
  F     2.01543789 +1  134.9999979 +1 -179.9999918 +1     1     2     3       0.0000
 Zn     4.19257430 +1   91.2463384 +1    0.0000000 +1     7     1     2       0.0000
 Zn     2.01543800 +1  129.9077838 +1   52.5089750 +1     7     1     2       0.0000
  F     2.04249100 +1   89.9999973 +1   39.9077787 +1    11     7     1       0.0000
  F     2.04249097 +1   91.2463384 +1  180.0000000 +1    10     7     1       0.0000
  F     2.04249094 +1   53.4831239 +1 -103.6605926 +1    10     7     1       0.0000
  F     2.01543789 +1   37.5086931 +1   91.6242155 +1    10     7     1       0.0000
 Zn     4.19257433 +1   91.2463382 +1  -74.9820430 +1     8     1     2       0.0000
 Zn     2.01543800 +1  129.9077827 +1 -127.4910176 +1     8     1     2       0.0000
  F     2.04249100 +1   89.9999982 +1  -39.9077788 +1    17     8     1       0.0000
  F     2.04249097 +1   53.4831234 +1  103.6605925 +1    16     8     1       0.0000
  F     2.04249094 +1   91.2463382 +1  180.0000000 +1    16     8     1       0.0000
  F     2.01543789 +1   37.5086921 +1  -91.6242133 +1    16     8     1       0.0000
 Zn     4.19257430 +1   91.2463384 +1 -133.2723735 +1    19    16     8       0.0000
 Zn     2.01543800 +1  129.9077827 +1   80.7633983 +1    14    10     7       0.0000
  F     2.01543800 +1   45.0000010 +1    0.0000000 +1     1     2     3       0.0000
  F     2.04249097 +1   91.2463384 +1  180.0000000 +1    22    19    16       0.0000
  F     2.04249094 +1   53.4831239 +1 -103.6605926 +1    22    19    16       0.0000
  F     2.01543789 +1   37.5086931 +1   91.6242155 +1    22    19    16       0.0000
 Zn     3.13349985 +1   90.0000031 +1  -90.0000024 +1     1     2     3       0.0000
 Zn     2.04249083 +1  100.1844389 +1    0.0000000 +1     6     5     1       0.0000
  F     2.04249100 +1  100.1844389 +1  180.0000000 +1    29     6     5       0.0000
  F     2.04249097 +1   39.9077832 +1  -45.0000020 +1    28     1     2       0.0000
  F     2.04249094 +1   39.9077831 +1  135.0000045 +1    28     1     2       0.0000
  F     2.01543789 +1   90.0000097 +1 -134.9999979 +1    28     1     2       0.0000
 Zn     3.13349985 +1  111.9437613 +1   33.2847317 +1    10     7     1       0.0000
 Zn     2.01543800 +1  129.9077838 +1  179.9999913 +1    31    28     1       0.0000
  F     2.04249100 +1   89.9999973 +1   39.9077787 +1    35    31    28       0.0000
  F     2.04249097 +1   39.9077832 +1  121.2158554 +1    34    10     7       0.0000
  F     2.04249094 +1   39.9077831 +1  -58.7841382 +1    34    10     7       0.0000
  F     2.01543789 +1   90.0000097 +1   31.2158595 +1    34    10     7       0.0000
 Zn     3.13349985 +1  111.9437617 +1  -33.2847315 +1    16     8     1       0.0000
 Zn     2.01543800 +1  129.9077827 +1 -179.9999913 +1    32    28     1       0.0000
  F     2.04249100 +1   89.9999982 +1  -39.9077788 +1    41    32    28       0.0000
  F     2.04249097 +1   39.9077832 +1   58.7841379 +1    40    16     8       0.0000
  F     2.04249094 +1   39.9077831 +1 -121.2158556 +1    40    16     8       0.0000
  F     2.01543789 +1   90.0000097 +1  -31.2158580 +1    40    16     8       0.0000
 Zn     3.13349985 +1  111.9437613 +1   33.2847317 +1    22    19    16       0.0000
 Zn     2.01543800 +1  129.9077827 +1 -179.9999913 +1    38    34    10       0.0000
  F     2.01543800 +1   89.9999975 +1   45.0000010 +1    28     1     2       0.0000
  F     2.04249097 +1   39.9077832 +1  121.2158554 +1    46    22    19       0.0000
  F     2.04249094 +1   39.9077831 +1  -58.7841382 +1    46    22    19       0.0000
  F     2.01543789 +1   90.0000097 +1   31.2158595 +1    46    22    19       0.0000
 Zn     3.13349985 +1    0.0000000 +1    0.0000000 +1     4     1     2       0.0000
 Zn     2.04249083 +1  100.1844389 +1  180.0000000 +1    30    29     6       0.0000
  F     2.04249100 +1  100.1844389 +1  180.0000000 +1    53    30    29       0.0000
  F     2.04249097 +1  140.0922168 +1  -89.9999967 +1    52     4    54       0.0000
  F     2.04249094 +1  140.0922169 +1   89.9999968 +1    52     4    54       0.0000
  F     2.01543789 +1   89.9999903 +1    0.0000000 +1    52     4    54       0.0000
 Zn     3.13349985 +1  180.0000000 +1    0.0000000 +1    34    10     7       0.0000
 Zn     2.01543800 +1  129.9077838 +1    0.0000000 +1    55    52     4       0.0000
  F     2.04249100 +1   89.9999973 +1   39.9077787 +1    59    55    52       0.0000
  F     2.04249097 +1   39.9077832 +1 -161.5650551 +1    58    34     3       0.0000
  F     2.04249094 +1   39.9077831 +1   18.4349513 +1    58    34     3       0.0000
  F     2.01543789 +1   90.0000097 +1  108.4349490 +1    58    34     3       0.0000
 Zn     3.13349985 +1  180.0000000 +1    0.0000000 +1    40    16     8       0.0000
 Zn     2.01543800 +1  129.9077827 +1    0.0000000 +1    56    52     4       0.0000
  F     2.04249100 +1   89.9999982 +1  -39.9077788 +1    65    56    52       0.0000
  F     2.04249097 +1   39.9077832 +1  -18.4349513 +1    64    40     2       0.0000
  F     2.04249094 +1   39.9077831 +1  161.5650552 +1    64    40     2       0.0000
  F     2.01543789 +1   90.0000097 +1 -108.4349472 +1    64    40     2       0.0000
 Zn     3.13349985 +1  180.0000000 +1    0.0000000 +1    46    22    19       0.0000
 Zn     2.01543800 +1  129.9077827 +1 -179.9999914 +1    62    58    34       0.0000
  F     2.01543800 +1   90.0000025 +1    0.0000000 +1    52     4    70       0.0000
  F     2.04249097 +1   39.9077832 +1   89.9999968 +1    70    46     1       0.0000
  F     2.04249094 +1   39.9077831 +1  -89.9999967 +1    70    46     1       0.0000
  F     2.01543789 +1   90.0000097 +1    0.0000000 +1    70    46     1       0.0000
 Tv     0.00000000 +1    0.0000000 +1    0.0000000 +1     2     1     3
 Tv     0.00000000 +1    0.0000000 +1    0.0000000 +1     3     1     2
 Tv     0.00000000 +1    0.0000000 +1    0.0000000 +1     4     1     2
 



 TOTAL CPU TIME:             0.06 SECONDS

 == MOPAC DONE ==
